// Vitest Snapshot v1, https://vitest.dev/guide/snapshot.html

exports[`createJob > should insert a job 1`] = `
{
  "applicationCount": 0,
  "apply_email": "entreprise@mail.fr",
  "apply_phone": "0600000000",
  "cfa_address_label": null,
  "cfa_apply_email": null,
  "cfa_apply_phone": null,
  "cfa_legal_name": null,
  "cfa_siret": null,
  "contract_duration": null,
  "contract_is_disabled_elligible": false,
  "contract_remote": null,
  "contract_rythm": null,
  "contract_start": 2021-01-28T15:00:00.000Z,
  "contract_type": [
    "Apprentissage",
  ],
  "delegations": undefined,
  "duplicates": [],
  "establishment_id": "670ce1ded6ce30c3c90a0e1d_42476141900045",
  "is_delegated": false,
  "job_delegation_count": 0,
  "job_last_prolongation_date": null,
  "job_prolongation_count": 0,
  "job_status_comment": null,
  "managed_by": "670ce1ded6ce30c3c90a0e1d",
  "offer_access_conditions": [
    "Ce métier est accessible avec un diplôme de fin d'études secondaires (brevet des collèges) à Bac (professionnel, Brevet Professionnel, ...) dans le secteur tertiaire. Il est également accessible avec une expérience professionnelle sans diplôme particulier. La maîtrise de l'outil bureautique (traitement de texte, tableur, ...) peut être requise.",
  ],
  "offer_description": "Exécute des travaux administratifs courants (vérification de documents, frappe et mise en forme de courriers pré-établis, suivi de dossier administratifs, ...) selon l'organisation de la structure ou du service. Peut être en charge d'activités de reprographie et d'archivage. Peut réaliser l'accueil de la structure.",
  "offer_desired_skills": [
    "Faire preuve de rigueur et de précision",
  ],
  "offer_multicast": true,
  "offer_opening_count": 1,
  "offer_origin": "lba",
  "offer_rome_appellation": "Agent administratif / Agente administrative",
  "offer_rome_codes": [
    "M1602",
  ],
  "offer_status": "Active",
  "offer_status_history": [],
  "offer_target_diploma": null,
  "offer_title": "Agent administratif / Agente administrative",
  "offer_to_be_acquired_knowledge": [
    "Domaines d'expertise	Gestion administrative du courrier",
  ],
  "offer_to_be_acquired_skills": [
    "Production, Fabrication	Procéder à l'enregistrement, au tri, à l'affranchissement du courrier",
    "Production, Fabrication	Réaliser des travaux de reprographie",
  ],
  "partner_label": "offres_emploi_lba",
  "stats_detail_view": 0,
  "stats_postuler": 0,
  "stats_search_view": 0,
  "workplace_address_city": null,
  "workplace_address_label": "3 rue du poulet 75001 Paris",
  "workplace_address_street_label": null,
  "workplace_address_zipcode": null,
  "workplace_brand": "enseigne OVH",
  "workplace_description": null,
  "workplace_geopoint": {
    "coordinates": [
      0,
      0,
    ],
    "type": "Point",
  },
  "workplace_idcc": null,
  "workplace_legal_name": "OVH",
  "workplace_naf_code": null,
  "workplace_naf_label": null,
  "workplace_name": null,
  "workplace_opco": null,
  "workplace_siret": "42476141900045",
  "workplace_size": "100 à 199 salariés",
  "workplace_website": null,
}
`;
