// Vitest Snapshot v1, https://vitest.dev/guide/snapshot.html

exports[`createJob > should insert a job 1`] = `
{
  "_id": "670ce30b57a50d6875c141f9",
  "address_detail": {
    "acheminement_postal": {
      "l1": null,
      "l2": null,
      "l3": null,
      "l4": "15 RUE DES LOUPS",
      "l5": null,
      "l6": "75002 PARIS",
      "l7": "FRANCE",
    },
    "cedex": null,
    "code_insee_localite": "75002",
    "code_postal": "75002",
    "complement_adresse": null,
    "localite": "PARIS",
    "nom_voie": "DES LOUPS",
    "numero_voie": "15",
    "type_voie": "RUE",
  },
  "cfa_delegated_siret": null,
  "createdAt": 2021-01-28T15:00:00.000Z,
  "email": "entreprise@mail.fr",
  "establishment_creation_date": 2024-10-14T09:23:21.588Z,
  "establishment_id": "xxxx-xxxx-xxxx-xxxx",
  "establishment_siret": "42476141900045",
  "idcc": null,
  "is_delegated": false,
  "opco": null,
  "status": "Actif",
  "updatedAt": 2021-02-03T17:00:00.000Z,
}
`;

exports[`createJob > should insert a job 2`] = `
{
  "competences_rome": {
    "savoir_etre_professionnel": [
      {
        "code_ogr": "300490",
        "coeur_metier": null,
        "libelle": "Faire preuve de rigueur et de précision",
      },
    ],
    "savoir_faire": [
      {
        "items": [
          {
            "code_ogr": "101622",
            "coeur_metier": "Principale",
            "libelle": "Procéder à l'enregistrement, au tri, à l'affranchissement du courrier",
          },
          {
            "code_ogr": "113818",
            "coeur_metier": null,
            "libelle": "Réaliser des travaux de reprographie",
          },
        ],
        "libelle": "Production, Fabrication",
      },
    ],
    "savoirs": [
      {
        "items": [
          {
            "code_ogr": "120992",
            "coeur_metier": null,
            "libelle": "Gestion administrative du courrier",
          },
        ],
        "libelle": "Domaines d'expertise",
      },
    ],
  },
  "is_disabled_elligible": null,
  "job_count": 1,
  "job_start_date": 2021-01-28T15:00:00.000Z,
  "job_status": "En attente",
  "job_type": [
    "Apprentissage",
  ],
  "managed_by": "670ce1ded6ce30c3c90a0e1d",
  "mer_sent": null,
  "rome_appellation_label": "Agent administratif / Agente administrative",
  "rome_code": [
    "M1602",
  ],
  "rome_label": "Opérations administratives",
}
`;
