// Vitest Snapshot v1, https://vitest.dev/guide/snapshot.html

exports[`POST /etablissement/creation > Création d'entreprise > Vérifie que le recruteur est créé avec une offre 1`] = `
{
  "email": "email@email.com",
  "first_name": "John",
  "last_name": "Doe",
  "origin": "lba",
  "phone": "0612345678",
}
`;

exports[`POST /etablissement/creation > Création de CFA > Vérifie que le CFA est créé 1`] = `
{
  "email": "email@email.com",
  "first_name": "John",
  "last_name": "Doe",
  "origin": "lba",
  "phone": "0612345678",
}
`;
