// Vitest Snapshot v1, https://vitest.dev/guide/snapshot.html

exports[`offerToFTOffer > should convert a job to an exported offer for FT 1`] = `
{
  "COM_cle": "34172",
  "COM_libelle": "Montpellier",
  "CON_cle": null,
  "CON_libelle": null,
  "CPO_cle": null,
  "Civ_correspondant": null,
  "Code_OGR": 11235,
  "Code_commune_etab": "Montpellier",
  "Code_postal_etab": "34000",
  "Code_rome": "M1501",
  "Col_URL_offre": null,
  "Col_cle": null,
  "Col_nom": null,
  "Coordonnee_geo_loc_1": "43.643652",
  "Coordonnee_geo_loc_2": "1.45264",
  "Cplt_adresse_1": null,
  "Cplt_adresse_2": null,
  "DEP_cle": "75",
  "DEP_libelle": null,
  "Date_debut_contrat": "01/09/2025",
  "Description": "L'Assistant Ressources Humaines (RH) assiste les responsables et optimise les processus de gestion administrative et opérationnelle des ressources humaines au sein d'une entreprise ou d'une organisation. Réalise le suivi administratif de la gestion du personnel (contrats, absences, visites médicales, déclarations aux organismes sociaux, etc.) Participe au processus de recrutement, de la publication des offres d'emploi à l'intégration des nouveaux employés Met en place le plan de formation professionnelle continue et en assure le suivi Assure la coordination et le soutien administratif des relations entre l'employeur et les instances représentatives du personnel Répond aux questions des salariés concernant les différents aspects liés aux ressources humaines Peut collecter et vérifier les informations nécessaires à l'élaboration des bulletins de salaire et effectuer le suivi des opérations de paie en lien avec le service comptabilité",
  "Description_entreprise": null,
  "Dfm_cle_1": null,
  "Dfm_cle_2": null,
  "Dfm_exi_cle_1": null,
  "Dfm_exi_cle_2": null,
  "Dfm_exi_libelle_1": null,
  "Dfm_exi_libelle_2": null,
  "Dfm_libelle_1": null,
  "Dfm_libelle_2": null,
  "Dur_cle_experience": null,
  "Dur_libelle_experience": null,
  "Emploi_metier_isco": null,
  "Exp_cle": "D",
  "Exp_libelle": null,
  "Id_recruteur": null,
  "Lan_cle_1": null,
  "Lan_cle_2": null,
  "Lan_exi_cle_1": null,
  "Lan_exi_cle_2": null,
  "Lan_exi_libelle_1": null,
  "Lan_exi_libelle_2": null,
  "Lan_libelle_1": null,
  "Lan_libelle_2": null,
  "Lib_voie_etab": null,
  "Libelle_etab": "PERFORM COIFFURES",
  "Libelle_metier_OGR": "Assistant / Assistante de gestion en ressources humaines",
  "Mail_correspondant": null,
  "Mode_diffusion": "O",
  "Mode_presentation": null,
  "Motif_suppression": null,
  "NTC_cle": "E2",
  "NTC_libelle": null,
  "NVL_cle_1": null,
  "NVL_cle_2": null,
  "NVL_libelle_1": null,
  "NVL_libelle_2": null,
  "Nom_correspondant": null,
  "Num_voie_etab": null,
  "OST_poste_restant_nb": 5,
  "Off_THO_commentaire": null,
  "Off_adr_compl_1": null,
  "Off_adr_compl_2": null,
  "Off_adr_id": null,
  "Off_adr_no_voie": null,
  "Off_adr_nom_voie": null,
  "Off_adr_norme": null,
  "Off_client_final_nom": undefined,
  "Off_client_final_siret": "42476141900045",
  "Off_contrat_duree_JO": null,
  "Off_contrat_duree_MO": 24,
  "Off_date_creation": "17/06/2025",
  "Off_date_modification": "18/08/2025",
  "Off_etab_enseigne": "PERFORM COIFFURES",
  "Off_etab_siret": "35306634300016",
  "Off_experience_commentaire": null,
  "Off_experience_duree_max": null,
  "Off_experience_duree_min": null,
  "Off_salaire_cpt_commentaire": null,
  "Off_salaire_max": null,
  "Off_salaire_min": null,
  "Off_salaire_nb_mois": null,
  "Off_travail_hebdo_nb_hh": null,
  "Off_travail_hebdo_nb_mi": null,
  "PCO_cle_1": null,
  "PCO_cle_2": null,
  "PCO_exi_cle_1": null,
  "PCO_exi_cle_2": null,
  "PCO_exi_libelle_1": null,
  "PCO_exi_libelle_2": null,
  "PCO_libelle_1": null,
  "PCO_libelle_2": null,
  "Par_URL_offre": "http://localhost:3000/emploi/offres_emploi_lba/68511e2a21cc165dc45d3c35/assistant-assistante-de-gestion-en-ressources-humaines",
  "Par_cle": "LABONNEALTERNANCE",
  "Par_nom": "LABONNEALTERNANCE",
  "Par_ref_offre": "E2-68511e2a21cc165dc45d3c35",
  "Pay_cle": null,
  "Pay_libelle": null,
  "Prenom_correspondant": null,
  "Qua_cle": null,
  "Qua_libelle": null,
  "REG_cle": "11",
  "REG_libelle": null,
  "Rappel": null,
  "SCN_cle": "85.32Z",
  "SCN_libelle": "Enseignement secondaire technique ou professionnel",
  "Service": null,
  "TCO_cle": "CDD",
  "TCO_libelle": null,
  "THO_cle": null,
  "THO_libelle": null,
  "TSA_cle": null,
  "TSA_libelle": null,
  "Tel_correspondant": null,
  "Tfm_cle_1": null,
  "Tfm_cle_2": null,
  "Tfm_libelle_1": null,
  "Tfm_libelle_2": null,
  "Type_mouvement": "C",
  "Type_voie_etab": null,
  "UMO_cle": null,
  "UMO_libelle": null,
  "Version": null,
}
`;
