// Vitest Snapshot v1, https://vitest.dev/guide/snapshot.html

exports[`importLeboncoin > should test the import of Le bon coin emploi data into computed_job_partners 1`] = `
[
  {
    "apply_phone": null,
    "apply_url": "https://www.leboncoin.fr/offres_d_emploi/2999583187.htm",
    "business_error": null,
    "contract_duration": null,
    "contract_is_disabled_elligible": false,
    "contract_remote": null,
    "contract_start": null,
    "contract_type": [
      "Apprentissage",
      "Professionnalisation",
    ],
    "errors": [],
    "jobs_in_success": [],
    "offer_access_conditions": [],
    "offer_creation": null,
    "offer_description": "Résumé
ALTERNANCE - Boucher F/H, 37540 Saint Cyr Sur Loire, Alternance, Temps plein.

Description du poste
✨Nous sommes… 
Auchan Retail France, une entreprise de distribution de plus de 50 000 collaborateurs au service de millions de clients chaque année.
Ce que nous voulons, c’est aider nos clients à bien manger et vivre mieux, tout en préservant la planète.
Que l’on soit en entrepôt, en magasin ou sur des fonctions support, notre point commun à tous, c’est de faire en sorte que nos clients aient plaisir à faire leurs courses chez nous.
Parce que nos collaborateurs sont aussi nos premiers clients, nous veillons chaque jour à leur bien-être et leur évolution professionnelle.Ensemble, nous améliorons le quotidien !
📌Vous avez envie de…
Connaitre, transformer les produits de votre marché. Vous mettez en œuvre les découpes et recettes / process de transformation de vos produits. Vous êtes polyvalent à tous les postes de fabrication / découpe avec un haut niveau de professionnalisme. Vous évaluez la qualité et la fraîcheur des produits et d'écarter les produits non-conformes.

Contribuer à la bonne organisation de la production dans le respect des règles d'hygiène.  Vous organisez votre espace de travail (propreté, rangement, entretien du matériel) et veillez au respect des règles de sécurité alimentaire. Enfin, vous étalez la fabrication afin de garantir la fraîcheur des produits et de répondre à l'objectif de zéro rupture. 

Mettre en valeurs vos produits et fidéliser vos clients. Vous approvisionnez et mettez en avant vos produits, dans le respect des règles d'étalagisme et de merchandising. Vous veillez à la mise en valeur de vos produits, dans le but d'attirer et fidéliser vos clients. Vous conseillez et répondez aux attentes de ces derniers. 
🎯Vous êtes…En formation de niveau BP/CAP/BAC PRO en boucherie ou un CQP. Vous aimez les produits issu de ce domaine.Le poste de Boucher en alternance F/H est fait pour vous.Rencontrons-nous !




Profil recherché

📢Nous vous offrons les avantages suivants :


• Une remise sur achat chez Auchan
• Des primes de participation et d’intéressement selon la performance annuelle de l’entreprise
• Une prime annuelle équivalente à un 13e mois


Chez Auchan, nous sommes convaincus que la diversité fait la richesse d’une entreprise. Nous étudions à compétences égales chaque candidature et toutes nos offres peuvent faire l’objet d’aménagements spécifiques en cas de handicap - #tous égaux, tous différents !


🌳Vous voulez en savoir plus sur nos engagements ?
Nous nous mobilisons au quotidien autour de 4 piliers de responsabilité sociétale et environnementale majeurs : Offre responsable, Environnement, Solidarité, Humain.Rendez-vous sur : [URL masquée pour votre sécurité].",
    "offer_desired_skills": [],
    "offer_expiration": 2024-09-21T02:49:06.000Z,
    "offer_multicast": true,
    "offer_opening_count": 1,
    "offer_origin": null,
    "offer_rome_codes": null,
    "offer_status": "Active",
    "offer_status_history": [],
    "offer_target_diploma": null,
    "offer_title": "ALTERNANCE - Boucher F/H",
    "offer_to_be_acquired_knowledge": [],
    "offer_to_be_acquired_skills": [],
    "partner_job_id": "2999583187",
    "partner_label": "Le bon coin emploi",
    "updated_at": 2024-07-21T02:49:06.000Z,
    "validated": false,
    "workplace_address_city": "Saint-Cyr-sur-Loire",
    "workplace_address_label": "Saint-Cyr-sur-Loire 37540",
    "workplace_address_street_label": null,
    "workplace_address_zipcode": "37540",
    "workplace_brand": null,
    "workplace_description": null,
    "workplace_geopoint": null,
    "workplace_idcc": null,
    "workplace_legal_name": null,
    "workplace_naf_code": null,
    "workplace_naf_label": null,
    "workplace_name": "Auchan",
    "workplace_opco": null,
    "workplace_siret": null,
    "workplace_size": null,
    "workplace_website": null,
  },
  {
    "apply_phone": null,
    "apply_url": "https://www.leboncoin.fr/offres_d_emploi/3071721792.htm",
    "business_error": null,
    "contract_duration": null,
    "contract_is_disabled_elligible": false,
    "contract_remote": null,
    "contract_start": null,
    "contract_type": [
      "Apprentissage",
      "Professionnalisation",
    ],
    "errors": [],
    "jobs_in_success": [],
    "offer_access_conditions": [],
    "offer_creation": null,
    "offer_description": "Résumé
Conseiller Commercial Après-Vente en Alternance (H/F), 8000 Charleville Mezieres, Contrat d'alternance (pro, apprentissage), Temps plein.
Fonction : Assistant-te Service APV
Entreprise : BMW CHARLEVILLE

Description du poste
Distributeur automobile multi-marques depuis plus de 30 ans, le Groupe GCA est le 1er distributeur français de véhicules hybrides. Le groupe est représenté par 15 marques automobiles, 2 marques de moto, 2 000 collaborateurs, 3 centres véhicules d’occasion, 10 carrosseries, 4 magasins de pièces détachées et un centre d'appels. Avec le développement de nouvelles technologies et les différents enjeux environnementaux, le monde de l’automobile est plus que jamais en changement.

Chez GCA, nous misons sur vos compétences et vous accompagnons dans l’évolution de votre métier en vous apportant les outils nécessaires à votre réussite.

Par ailleurs, nous vous aidons dans la mise en place de vos souhaits de mobilité, qu’elle soit géographique ou professionnelle. Au sein de notre réseau de 120 concessions réparties dans 7 régions de France et en Belgique, vous trouverez forcément une concession pour réaliser vos différents choix de carrière.

À propos du poste

Lors de votre présence sur site, vous serez en charge des encaissements et de la facturation ainsi que du suivi des dossiers spécifiques liés aux activités après-vente de la concession. De plus, vous assurerez l'accueil de la clientèle et des fournisseurs, la tenue du standard téléphonique, les prises de rendez-vous et le suivi du planning de l'atelier. 

N'hésitez plus et venez nous rejoindre au sein de notre concession BMW à Charleville !

Profil recherché
Vous intégrez une formation de type Assistant de Gestion et/ou commerce (Bac+2/3). Vous êtes organisé(e) dans votre travail. Une expérience dans le secteur de l'automobile serait un plus.


- Alternance
- Mutuelle entreprise offrant divers avantages sociaux (abonnements sportifs, vacances, scolarité etc.)
- Intéressement aux bénéfices de l'entreprise
- Rémunération négociable selon profil et expérience

Intégrez un Groupe en pleine croissance, ou l'esprit d'équipe et la satisfaction clients font partie de notre ADN. Nous vous accompagnons dans votre évolution et votre épanouissement professionnel à travers des formations dédiées à nos marques, des challenges, des voyages et activités avec les collaborateurs GCA ! Retrouvez toutes nos actualités sur Instagram : @gca_recrute",
    "offer_desired_skills": [],
    "offer_expiration": 2024-09-21T02:49:06.000Z,
    "offer_multicast": true,
    "offer_opening_count": 1,
    "offer_origin": null,
    "offer_rome_codes": null,
    "offer_status": "Active",
    "offer_status_history": [],
    "offer_target_diploma": null,
    "offer_title": "Conseiller Commercial Après-Vente en Alternance (H/F)",
    "offer_to_be_acquired_knowledge": [],
    "offer_to_be_acquired_skills": [],
    "partner_job_id": "3071721792",
    "partner_label": "Le bon coin emploi",
    "updated_at": 2024-07-21T02:49:06.000Z,
    "validated": false,
    "workplace_address_city": "Charleville-Mézières",
    "workplace_address_label": "Charleville-Mézières 08000",
    "workplace_address_street_label": null,
    "workplace_address_zipcode": "08000",
    "workplace_brand": null,
    "workplace_description": null,
    "workplace_geopoint": null,
    "workplace_idcc": null,
    "workplace_legal_name": null,
    "workplace_naf_code": null,
    "workplace_naf_label": null,
    "workplace_name": "GROUPE GCA",
    "workplace_opco": null,
    "workplace_siret": null,
    "workplace_size": null,
    "workplace_website": null,
  },
]
`;
