// Vitest Snapshot v1, https://vitest.dev/guide/snapshot.html

exports[`importEdf > should import EDF data into raw_edf then computed_jobs_partners, filtering non-alternance offers 1`] = `
[
  {
    "apply_phone": null,
    "apply_url": "https://www.edf.fr/edf-recrute/offre/detail/2026-100001?idOrigine=502",
    "business_error": null,
    "contract_duration": null,
    "contract_is_disabled_elligible": false,
    "contract_remote": null,
    "contract_start": 2026-08-31T22:00:00.000Z,
    "contract_type": [
      "Apprentissage",
      "Professionnalisation",
    ],
    "errors": [],
    "jobs_in_success": [],
    "offer_access_conditions": [],
    "offer_creation": 2025-12-31T23:00:00.000Z,
    "offer_description": "<p><strong>Missions :</strong></p><ul><li>Développer des applications web et mobiles.</li><li>Participer aux revues de code.</li><li>Rédiger la documentation technique.</li></ul>",
    "offer_desired_skills": [],
    "offer_expiration": 2026-02-28T23:00:00.000Z,
    "offer_multicast": true,
    "offer_opening_count": 1,
    "offer_origin": null,
    "offer_rome_codes": null,
    "offer_status": "Active",
    "offer_status_history": [],
    "offer_target_diploma": {
      "european": "6",
      "label": "Licence, Maîtrise, autres formations (Bac+3 à Bac+4)",
    },
    "offer_title": "Alternance - Développeur Web F/H",
    "offer_to_be_acquired_knowledge": [],
    "offer_to_be_acquired_skills": [],
    "partner_job_id": "100001",
    "partner_label": "EDF",
    "updated_at": 2026-02-01T00:00:00.000Z,
    "validated": false,
    "workplace_address_city": "Lyon",
    "workplace_address_label": "Lyon",
    "workplace_address_street_label": null,
    "workplace_address_zipcode": null,
    "workplace_brand": null,
    "workplace_description": "Acteur majeur du secteur de l'énergie, Enedis distribue l'électricité via le plus grand réseau électrique d'Europe. Présents sur 700 sites, nos 40 000 salariés développent un réseau électrique plus intelligent et plus performant.",
    "workplace_geopoint": null,
    "workplace_idcc": null,
    "workplace_legal_name": null,
    "workplace_naf_code": null,
    "workplace_naf_label": null,
    "workplace_name": "Enedis",
    "workplace_opco": null,
    "workplace_siret": null,
    "workplace_size": null,
    "workplace_website": null,
  },
  {
    "apply_phone": null,
    "apply_url": "https://www.edf.fr/edf-recrute/offre/detail/2026-100002?idOrigine=502",
    "business_error": null,
    "contract_duration": null,
    "contract_is_disabled_elligible": false,
    "contract_remote": null,
    "contract_start": 2026-08-31T22:00:00.000Z,
    "contract_type": [
      "Apprentissage",
      "Professionnalisation",
    ],
    "errors": [],
    "jobs_in_success": [],
    "offer_access_conditions": [],
    "offer_creation": 2026-01-14T23:00:00.000Z,
    "offer_description": "<p><strong>Missions :</strong></p><ul><li>Assurer la maintenance des équipements électriques.</li><li>Participer aux rondes de surveillance.</li><li>Rédiger les comptes rendus d'intervention.</li></ul>",
    "offer_desired_skills": [],
    "offer_expiration": 2026-03-14T23:00:00.000Z,
    "offer_multicast": true,
    "offer_opening_count": 1,
    "offer_origin": null,
    "offer_rome_codes": null,
    "offer_status": "Active",
    "offer_status_history": [],
    "offer_target_diploma": {
      "european": "4",
      "label": "BP, Bac, autres formations (Bac)",
    },
    "offer_title": "ALTERNANCE - BAC PRO Technicien Électrique F/H",
    "offer_to_be_acquired_knowledge": [],
    "offer_to_be_acquired_skills": [],
    "partner_job_id": "100002",
    "partner_label": "EDF",
    "updated_at": 2026-02-01T00:00:00.000Z,
    "validated": false,
    "workplace_address_city": "Paluel",
    "workplace_address_label": "Paluel",
    "workplace_address_street_label": null,
    "workplace_address_zipcode": null,
    "workplace_brand": null,
    "workplace_description": null,
    "workplace_geopoint": null,
    "workplace_idcc": null,
    "workplace_legal_name": null,
    "workplace_naf_code": null,
    "workplace_naf_label": null,
    "workplace_name": "EDF",
    "workplace_opco": null,
    "workplace_siret": null,
    "workplace_size": null,
    "workplace_website": null,
  },
]
`;
