// Vitest Snapshot v1, https://vitest.dev/guide/snapshot.html

exports[`xmlToJson > should parse a simple XML string into JSON 1`] = `
{
  "item": {
    "author": "Secrétariat Général Commun Départemental de la Réunion",
    "dc:contributor": "Ministère de l'Intérieur",
    "dc:coverage": "SAINT PIERRE",
    "dc:date": "2025-11-26T12:54:11+01:00",
    "dc:identifier": "S-2025-184643",
    "dc:publisher": "Préfecture de La Réunion",
    "description": "<p>Missions dans les domaines de la sécurité publique, la sécurité civile, le logement, l'aménagement du territoire :</p><p>Rédaction de notes, courriers, participation aux réunions et visite de terrain...</p>",
    "guid": {
      "$": {
        "isPermaLink": "false",
      },
      "_": "a748d065-f509-4ed3-a082-dcee89d66883",
    },
    "link": "https://rec-bo-pass.bercy.actimage.net/offre/stagiaire-pour-des-missions-dadministration-publique-la-sous-prefecture-de-saint-pierre",
    "pubDate": "ven 22/08/2025 - 07:05",
    "source": {
      "$": {
        "url": "https://rec-bo-pass.bercy.actimage.net/flux/offres_stages",
      },
      "_": "Flux rss sortant",
    },
    "title": "Stagiaire pour des missions d'administration publique à la sous-préfecture de Saint-Pierre",
  },
}
`;
