// Vitest Snapshot v1, https://vitest.dev/guide/snapshot.html

exports[`importHelloWork > should test the import of hellowork data into computed_job_partners 1`] = `
[
  {
    "apply_url": "https://r.holeest.com/redirect?poc=2&op=4368162035&o=0&from=https%3A%2F%2Fwww.hellowork.com%2Ffr-fr%2Femplois%2F41990977.html%3Futm_medium%3DMetamoteurs-cpc%26utm_source%3Dexample%26utm_campaign%3Dclassique%2B-%2Bmarketing%252ccommunication%252cgraphisme%252caudiovisuel%252cpub%26utm_term%3D41990977%26utm_content%3Dfluxexample",
    "contract_duration": null,
    "contract_remote": "onsite",
    "contract_start": null,
    "contract_type": null,
    "errors": [],
    "offer_access_conditions": [],
    "offer_creation": 2024-01-30T22:21:39.000Z,
    "offer_description": "Vous développerez l'innovation pour créer les conditions favorables à l'émergence de nouveaux usages dans nos pratiques de conseil et dans le cadre des projets clients. Vous participerez au processus de recrutement et à la montée en compétences des consultants.

Vous contribuez au développement commercial en concevant des nouvelles offres, développant le portefeuille client existant, répondant aux appels d'offres clients. Vous participez aux actions de notoriété et de communication du cabinet : études de marché, publications d'articles ou d'infographies.",
    "offer_desired_skills": [
      "-   Expert du conseil en management et du secteur banque ou assurance.
-   Esprit entrepreneurial et appétence commerciale
-   Goût pour le numérique et l'innovation.
-   Aisance à assurer un pilotage de projet alternant présentiel et distanciel.
-   Créatif ayant la capacité à mettre en oeuvre ses idées
-   Leadership et Capacité à nouer des relations de confiance avec les clients.
-   Esprit d'équipe et d'initiative.
-   Conscient des enjeux collectifs.
-   Pédagogue qui aime transmettre ses compétences.
-   Anglais : lu, écrit, parlé.",
    ],
    "offer_expiration": 2024-03-30T22:21:39.000Z,
    "offer_multicast": false,
    "offer_opening_count": 1,
    "offer_origin": null,
    "offer_rome_codes": null,
    "offer_target_diploma": {
      "european": "7",
      "label": "Master, titre ingénieur, autres formations niveau (Bac+5)",
    },
    "offer_title": "Manager en Stratégie Management et Organisation H/F",
    "offer_to_be_acquired_skills": [],
    "partner_job_id": "68087320",
    "partner_label": "Hello work",
    "validated": false,
    "workplace_address_label": "VINCENNES",
    "workplace_description": "Software Consulting est un cabinet de conseil en stratégie, management et en organisation indépendant et spécialisé dans les services financiers : la banque et l'assurance.",
    "workplace_geopoint": {
      "coordinates": [
        2.123456789,
        48.123456789,
      ],
      "type": "Point",
    },
    "workplace_name": "Software Consulting",
    "workplace_siret": null,
    "workplace_size": null,
    "workplace_website": null,
  },
  {
    "apply_url": "https://r.holeest.com/redirect?poc=2&op=4368162036&o=0&from=https%3A%2F%2Fwww.hellowork.com%2Ffr-fr%2Femplois%2F41995446.html%3Futm_medium%3DMetamoteurs-cpc%26utm_source%3Dexample%26utm_campaign%3Dclassique%2B-%2Bmarketing%252ccommunication%252cgraphisme%252caudiovisuel%252cpub%26utm_term%3D41995446%26utm_content%3Dfluxexample",
    "contract_duration": null,
    "contract_remote": null,
    "contract_start": null,
    "contract_type": null,
    "errors": [],
    "offer_access_conditions": [],
    "offer_creation": 2024-01-30T22:11:59.000Z,
    "offer_description": "Votre futur poste

Venez participer à la création et à l'élaboration des actions et outils de communication BtoB au sein de notre Direction Appro lait basée à Laval (53).

Afin de coordonner et mettre en oeuvre les actions et outils de communication de la Direction Approvisionnement Lait France en relation avec la direction communication, vos principales missions seront :
-  Déployer la stratégie digitale et de contenu sur le site web des producteurs laitiers en cohérence avec la ligne éditoriale (Définir un planning éditorial, les contenus des publications, les publier et animer ainsi qu'assurer le reporting des actions
-  Déployer des solutions facilitant l'accès à l'information aux producteurs (portail web producteur, pushmail) dans le but d'ancrer les usages digitaux dans le comportement des producteurs, d'accroître le trafic sur le site et d'attirer de nouveaux utilisateurs.
-  Réaliser des supports d'aide à la vente (plaquettes) en coordination avec les responsables commerciaux, et assurer la création et la diffusion d'outils webmarketing.
-  Accompagner les équipes qualité & RSE sur la conception d'outils de communication à destination de nos équipes techniques et de nos producteurs
-  Mettre en oeuvre la présence de Lactalis France sur les salons et événements professionnels, organiser des événements à destination des clients
-  Concevoir les outils de communication print en lien avec le studio graphique (magazine, plaquettes, affiche, encart web)

Ce poste est à pourvoir en CDI

Accomplissez-vous avec engagement et plaisir au quotidien !

Pourquoi nous rejoindre ?

Parce que la promotion interne est au coeur de notre modèle, vous bénéficierez d'un accompagnement personnalisé et adapté à vos besoins pour construire votre projet professionnel avec des perspectives d'évolution.

Vous pourrez aborder l'avenir en toute confiance avec notamment une rémunération reconnaissant votre engagement : salaire fixe sur 13 mois, prime d'objectifs, intéressement, participation et épargne salariale attractive. Vous bénéficierez par ailleurs d'une mutuelle et des avantages de votre CSE.

Vous recherchez une ville à taille humaine bénéficiant d'un cadre de vie verdoyant ? Venez découvrir Laval, à seulement 1h10 de Paris et à proximité de grandes villes comme Rennes et Angers !

Venez évoluer au sein d'équipes passionnées !

Vos atouts

Vous êtes issu d'une formation de type Master en Marketing, communication ou spécialité agri/agro, et vous justifiez idéalement d'une première expérience dans la communication. L'appétence pour le milieu AGRI/AGRO est également primordiale pour ce poste

Vous maîtrisez différentes techniques de rédaction (écriture web, print), de publication on line et des outils d'analyses de trafic

Et une bonne connaissance des logiciels de PAO (QuarkXPress), de retouche photo (Photoshop, InDesign, Illustrator) et en CMS (Content Management System)

Enfin vous avez une bonne culture des différents procédés de mise en oeuvre des actions et des techniques nécessaires afin de contrôler la qualité des réalisations (brochures, plaquettes, site internet, réseaux sociaux) et de tenir les délais de production

Et surtout, vous êtes doté d'un fort esprit de synthèse et faites preuve d'un excellent relationnel, alors ce poste est fait pour vous !

Révélez votre potentiel dans un environnement « apprenant » !

Ce poste correspond à votre projet ?  Alors postulez !

Après un premier échange téléphonique, vous rencontrerez votre futur Manager et un Responsable Ressources Humaines.

Rejoignez-nous et venez goûter à une expérience unique !",
    "offer_desired_skills": [],
    "offer_expiration": 2024-03-30T22:11:59.000Z,
    "offer_multicast": false,
    "offer_opening_count": 1,
    "offer_origin": null,
    "offer_rome_codes": null,
    "offer_target_diploma": {
      "european": "5",
      "label": "BTS, DEUST, autres formations niveau (Bac+2)",
    },
    "offer_title": "Chargé de Communication Btob Laval 53 H/F",
    "offer_to_be_acquired_skills": [],
    "partner_job_id": "68090104",
    "partner_label": "Hello work",
    "validated": false,
    "workplace_address_label": "LAVAL",
    "workplace_description": "Vous aussi venez vivre votre #LactalisExperience !
Fondé en 1933 par André Besnier à Laval, le Groupe Lactalis est une entreprise familiale devenue en trois générations le leader mondial des produits laitiers (250 sites de production dans 43 pays - 85 000 collaborateurs)",
    "workplace_geopoint": {
      "coordinates": [
        -0.123456789,
        48.123456789,
      ],
      "type": "Point",
    },
    "workplace_name": "Lactalis",
    "workplace_siret": "33114255400012",
    "workplace_size": null,
    "workplace_website": null,
  },
  {
    "apply_url": "https://r.holeest.com/redirect?poc=2&op=4368162037&o=0&from=https%3A%2F%2Fwww.hellowork.com%2Ffr-fr%2Femplois%2F42014902.html%3Futm_medium%3DMetamoteurs-cpc%26utm_source%3Dexample%26utm_campaign%3Dclassique%2B-%2Bmarketing%252ccommunication%252cgraphisme%252caudiovisuel%252cpub%26utm_term%3D42014902%26utm_content%3Dfluxexample",
    "contract_duration": null,
    "contract_remote": "hybrid",
    "contract_start": null,
    "contract_type": null,
    "errors": [],
    "offer_access_conditions": [],
    "offer_creation": 2024-01-31T22:09:13.000Z,
    "offer_description": "Nous recherchons notre futur(e) Directeur Marketing.

Vos futures missions : si vous les acceptez

Mission 1 : Élaboration et Développement de la Stratégie Marketing

En tant que Directeur Marketing du Comptoir Général de Robinetterie, vous serez le moteur de notre succès en élaborant et en mettant en oeuvre notre stratégie marketing. Vos responsabilités clés incluront :
-  Concevoir et mettre en oeuvre une stratégie marketing en alignement avec les objectifs de l'entreprise.
-  Contribuer à la stratégie omnicanale de l'entreprise, tant en ligne qu'hors ligne.
-  Superviser le plan de déploiement et d'animation du canal de vente en ligne.
-  Élaborer et superviser le plan marketing opérationnel de l'entreprise.
-  Concevoir des plans marketing, y compris la définition des segments de marché, la tarification, la promotion et la distribution.
-  Surveiller les tendances du marché, la concurrence et les besoins des clients pour adapter la stratégie.
-  Diriger de nouveaux projets digitaux.
-  Travailler en étroite collaboration avec les équipes de vente pour développer des outils et des stratégies de vente efficaces.
-  Proposer des plans d'évolution des produits et services.

Mission 2 : Définition de la Stratégie de Communication Interne et Externe

Vous serez également chargé de définir la stratégie de communication interne et externe pour renforcer la visibilité de l'entreprise. Vos activités comprendront :
-  Participer à la définition de la stratégie de communication interne et externe pour atteindre les publics cibles.
-  Élaborer des plans de communication internes et externes.
-  Mettre en place des indicateurs de performance (KPI) pour évaluer l'efficacité des actions de communication.
-  Assurer la cohérence des actions de communication avec la stratégie globale.
-  Gérer le budget de communication et effectuer un reporting à la direction générale.
-  Optimiser les processus pour améliorer le service de communication.

Mission 3 : Management des Équipes Marketing et Communication

En tant que leader, vous dirigerez les équipes marketing et communication, coordonnerez leurs activités et encouragerez le développement professionnel. Vos activités comprendront :
-  Superviser les équipes de marketing et de communication.
-  Recruter et animer les équipes marketing.
-  Coordonner les collaborations entre les équipes marketing et les équipes commerciales.
-  Diriger et motiver l'équipe pour atteindre les objectifs fixés.
-  Évaluer et contribuer au développement professionnel de vos collaborateurs.
-  Agir pour le développement et l'épanouissement de votre équipe.",
    "offer_desired_skills": [
      "Exigences du poste :
-   Expérience solide en marketing, de préférence dans l'industrie de la robinetterie.
-   Connaissance des produits de robinetterie et du secteur.
-   Capacité à élaborer et exécuter des stratégies marketing efficaces.
-   Excellentes compétences en gestion d'équipe et en coordination.
-   Fortes compétences en communication, à la fois écrite et orale.
-   Diplôme en marketing, communication ou domaine connexe (un atout).",
    ],
    "offer_expiration": 2024-03-31T22:09:13.000Z,
    "offer_multicast": false,
    "offer_opening_count": 1,
    "offer_origin": null,
    "offer_rome_codes": null,
    "offer_target_diploma": {
      "european": "7",
      "label": "Master, titre ingénieur, autres formations niveau (Bac+5)",
    },
    "offer_title": "Directeur Marketing H/F",
    "offer_to_be_acquired_skills": [],
    "partner_job_id": "68110296",
    "partner_label": "Hello work",
    "validated": false,
    "workplace_address_label": "TINQUEUX",
    "workplace_description": "Distributeur spécialisé en robinetterie et accessoires depuis plus de 40 ans, nous accompagnons les professionnels du Génie Climatique, du Logement et de l'Industrie dans la réussite de leurs projets.

Pour ce faire, nous proposons une gamme élargie de solutions et de services associée à une logistique de pointe et à l'expertise de nos 300 collaborateurs.

Nos valeurs : Respect - Bien-être - Détermination - Innovation

En constante évolution pour satisfaire nos clients, nous recherchons de nouveaux talents passionnés et engagés qui souhaitent s'investir pour révolutionner durablement la distribution.

Prêt à rejoindre la Team CGR ?",
    "workplace_geopoint": {
      "coordinates": [
        3.989532671,
        49.249622311,
      ],
      "type": "Point",
    },
    "workplace_name": "CGR",
    "workplace_siret": "31882776300042",
    "workplace_size": null,
    "workplace_website": null,
  },
  {
    "apply_url": "https://r.holeest.com/redirect?poc=2&op=4368162038&o=0&from=https%3A%2F%2Fwww.hellowork.com%2Ffr-fr%2Femplois%2F42016309.html%3Futm_medium%3DMetamoteurs-cpc%26utm_source%3Dexample%26utm_campaign%3Dclassique%2B-%2Bmarketing%252ccommunication%252cgraphisme%252caudiovisuel%252cpub%26utm_term%3D42016309%26utm_content%3Dfluxexample",
    "contract_duration": null,
    "contract_remote": "onsite",
    "contract_start": null,
    "contract_type": null,
    "errors": [],
    "offer_access_conditions": [],
    "offer_creation": 2024-01-31T22:11:11.000Z,
    "offer_description": "La révolution robotique portée par Exotec ne fait que commencer, vous en êtes ?

Responsibilities

-  Développer des programmes logiciels et des interfaces entre les produits Exotec et les écosystèmes logiciels des clients
-  Rédiger les spécifications pour tous les développements de logiciels des projets
-  Analyser les besoins et l'architecture logicielle des clients et faire des propositions techniques optimisées
-  Rédiger l'analyse fonctionnelle décrivant les opérations logicielles sur les systèmes
-  Assurer une passation des fonctionnalités logicielles développées aux équipes sur site
-  Soutenir (sur place ou à distance) les équipes sur site si nécessaire

Requirements

-  Vous avez une formation orientée informatique acquise en école d'ingénieur ou avec un cursus Bac +4/+5
-  Vous avez une première expérience dans le développement et/ou l'intégration de logiciels de type WMS (WMS, WCS, TMS) dans le secteur logistique
-  Vous maitrisez les compétences techniques suivantes : SQL / PostgreSQL, JavaScript, Web développement
-  Vous aimez le challenge, la diversité et la résolution de problématiques techniques innovantes
-  Vous êtes dynamique, rigoureux(se) et aimez travailler en équipe sur des missions variées
-  Vous avez un niveau d'anglais opérationnel, à l'oral comme à l'écrit

Benefits

-  Couverture mutuelle et prévoyance santé compétitive
-  Primes collectives et attribution de BSPCE
-  Politique famille avantageuse
-  Programme de mobilité interne et internationale
-  Nombreuses opportunités de formation et de développement

Chez Exotec, nous garantissons l'égalité des chances dans notre processus de recrutement. L'ensemble des candidatures reçues sont étudiées indépendamment de l'âge, du genre, de l'origine, de la religion, de la couleur de peau, de la nationalité, du sexe, du handicap, de l'orientation sexuelle ou de toute autre distinction protégée par la loi. Nous mettons en place un environnement de travail inclusif et respectueux de toutes les différences. En rejoignant le Pacte Parité, Exotec s'engage pour un écosystème French Tech plus paritaire",
    "offer_desired_skills": [],
    "offer_expiration": 2024-03-31T22:11:11.000Z,
    "offer_multicast": false,
    "offer_opening_count": 1,
    "offer_origin": null,
    "offer_rome_codes": null,
    "offer_target_diploma": {
      "european": "7",
      "label": "Master, titre ingénieur, autres formations niveau (Bac+5)",
    },
    "offer_title": "Ingénieur Intégration Software H/F",
    "offer_to_be_acquired_skills": [],
    "partner_job_id": "68111676",
    "partner_label": "Hello work",
    "validated": false,
    "workplace_address_label": "LILLE",
    "workplace_description": "Chez Exotec, nous mettons l'excellence technologique au service de la redéfinition des relations entre humains et robots. A travers le monde, nos solutions révolutionnent la façon dont nos clients délivrent leurs produits aux consommateurs finaux. Nous contribuons au succès des plus grandes marques du commerce et de l'industrie, tout en améliorant les conditions de travail de leurs salariés.

Par l'alliance de l'intelligence artificielle et d'un hardware performant, nos robots sont désormais déployés dans le monde entier et leur succès a fait de nous la première licorne industrielle française.

Rejoindre Exotec, c'est l'opportunité de donner du sens à vos compétences. Grandissez avec plus de 600 ExoPeople dans le monde entier pour faire de vos idées, des réalités.",
    "workplace_geopoint": {
      "coordinates": [
        3.04783272312,
        50.6317183168,
      ],
      "type": "Point",
    },
    "workplace_name": "Exotec",
    "workplace_siret": "81287874200038",
    "workplace_size": null,
    "workplace_website": null,
  },
  {
    "apply_url": "https://r.holeest.com/redirect?poc=2&op=4368162039&o=0&from=https%3A%2F%2Fwww.hellowork.com%2Ffr-fr%2Femplois%2F42018480.html%3Futm_medium%3DMetamoteurs-cpc%26utm_source%3Dexample%26utm_campaign%3Dclassique%2B-%2Bmarketing%252ccommunication%252cgraphisme%252caudiovisuel%252cpub%26utm_term%3D42018480%26utm_content%3Dfluxexample",
    "contract_duration": null,
    "contract_remote": "onsite",
    "contract_start": null,
    "contract_type": null,
    "errors": [],
    "offer_access_conditions": [],
    "offer_creation": 2024-01-31T22:22:17.000Z,
    "offer_description": "Prendre en charge plusieurs projets de développement de produits sous la responsabilité d'un responsable de gamme.

Suivre le cahier des charges Marketing pour définir et figer les spécifications du produit.

Travailler avec les achats pour définir un prix produit et le garantir - make or buy.

Etablir le besoin du projet en ressources, budget et son planning et veiller à les respecter.

Rendre compte au responsable de gamme et à la direction des avancées, besoins et risques du projet.

Piloter les actions pluridisciplinaires (électronique, mécanique, logiciel, validation) des équipes internes et fournisseurs qui conditionnent la fabrication industrielle d'un produit, de la conception à la mise en production. Mettre en place les outils de gestion liés aux produits (documents techniques, structures informatiques, bases de données) et tenir à jour ces données (plans, nomenclatures, procédures).

Veiller à la qualification du produit en collaboration avec les équipes validation et également les organismes de certifications extérieurs.

Veiller à la mise en oeuvre des livrables attendus à chaque jalon (spécification, plans, nomenclatures, schémas électroniques, logiciel, procédures).

Être le premier contact des partenaires, fournisseurs et sous-traitants pour toutes les questions liées à l'industrialisation. Assurer les actions nécessaires à la maintenance des produits en vie série (création / validation kits SAV, gestion obsolescence composants, correction bugs, programme de réduction des coûts)

Assurer les actions nécessaires à la maintenance des produits en vie série (création / validation kits SAV, gestion obsolescence composants, correction bugs, programme de réduction des coûts).",
    "offer_desired_skills": [
      "FORMATION - Formation d'Ingénieur généraliste ou industriel ou Mécanique,

Electronique.

EXPERIENCE - 3 à 5 ans dans le domaine industriel, plus

particulièrement dans une entreprise de conception, production, commercialisation

de produits assemblés.

QUALITES - Rigueur, capacité à s'organiser, leadership, communication, pragmatisme, autonomie

LANGUES - Anglais courant.

Ref : 1jvie4rokd",
    ],
    "offer_expiration": 2024-03-31T22:22:17.000Z,
    "offer_multicast": false,
    "offer_opening_count": 1,
    "offer_origin": null,
    "offer_rome_codes": null,
    "offer_target_diploma": {
      "european": "3",
      "label": "Cap, autres formations niveau (Infrabac)",
    },
    "offer_title": "Chef de Projet Photo H/F",
    "offer_to_be_acquired_skills": [],
    "partner_job_id": "68113693",
    "partner_label": "Hello work",
    "validated": false,
    "workplace_address_label": "Photo-Me,Échirolles,38130 ECHIROLLES",
    "workplace_description": "ME GROUP (Photomaton) développe et commercialise des distributeurs automatiques en libre-service à valeur ajoutée. Aujourd'hui, nous sommes un acteur majeur dans des secteurs aussi divers que la photographie, l'alimentation et les laveries automatiques.",
    "workplace_geopoint": {
      "coordinates": [
        5.71535600177,
        45.1471647181,
      ],
      "type": "Point",
    },
    "workplace_name": "ME GROUP",
    "workplace_siret": "81986335800019",
    "workplace_size": null,
    "workplace_website": null,
  },
]
`;

exports[`importHelloWork > should test the whole import 1`] = `
[
  {
    "apply_url": "https://r.holeest.com/redirect?poc=2&op=4368162035&o=0&from=https%3A%2F%2Fwww.hellowork.com%2Ffr-fr%2Femplois%2F41990977.html%3Futm_medium%3DMetamoteurs-cpc%26utm_source%3Dexample%26utm_campaign%3Dclassique%2B-%2Bmarketing%252ccommunication%252cgraphisme%252caudiovisuel%252cpub%26utm_term%3D41990977%26utm_content%3Dfluxexample",
    "contract_duration": null,
    "contract_remote": "onsite",
    "contract_start": null,
    "contract_type": null,
    "errors": [],
    "offer_access_conditions": [],
    "offer_creation": 2024-01-30T22:21:39.000Z,
    "offer_description": "Vous développerez l'innovation pour créer les conditions favorables à l'émergence de nouveaux usages dans nos pratiques de conseil et dans le cadre des projets clients. Vous participerez au processus de recrutement et à la montée en compétences des consultants.

Vous contribuez au développement commercial en concevant des nouvelles offres, développant le portefeuille client existant, répondant aux appels d'offres clients. Vous participez aux actions de notoriété et de communication du cabinet : études de marché, publications d'articles ou d'infographies.",
    "offer_desired_skills": [
      "-   Expert du conseil en management et du secteur banque ou assurance.
-   Esprit entrepreneurial et appétence commerciale
-   Goût pour le numérique et l'innovation.
-   Aisance à assurer un pilotage de projet alternant présentiel et distanciel.
-   Créatif ayant la capacité à mettre en oeuvre ses idées
-   Leadership et Capacité à nouer des relations de confiance avec les clients.
-   Esprit d'équipe et d'initiative.
-   Conscient des enjeux collectifs.
-   Pédagogue qui aime transmettre ses compétences.
-   Anglais : lu, écrit, parlé.",
    ],
    "offer_expiration": 2024-03-30T22:21:39.000Z,
    "offer_multicast": false,
    "offer_opening_count": 1,
    "offer_origin": null,
    "offer_rome_codes": null,
    "offer_target_diploma": {
      "european": "7",
      "label": "Master, titre ingénieur, autres formations niveau (Bac+5)",
    },
    "offer_title": "Manager en Stratégie Management et Organisation H/F",
    "offer_to_be_acquired_skills": [],
    "partner_job_id": "68087320",
    "partner_label": "Hello work",
    "validated": false,
    "workplace_address_label": "VINCENNES",
    "workplace_description": "Software Consulting est un cabinet de conseil en stratégie, management et en organisation indépendant et spécialisé dans les services financiers : la banque et l'assurance.",
    "workplace_geopoint": {
      "coordinates": [
        2.123456789,
        48.123456789,
      ],
      "type": "Point",
    },
    "workplace_name": "Software Consulting",
    "workplace_siret": null,
    "workplace_size": null,
    "workplace_website": null,
  },
  {
    "apply_url": "https://r.holeest.com/redirect?poc=2&op=4368162036&o=0&from=https%3A%2F%2Fwww.hellowork.com%2Ffr-fr%2Femplois%2F41995446.html%3Futm_medium%3DMetamoteurs-cpc%26utm_source%3Dexample%26utm_campaign%3Dclassique%2B-%2Bmarketing%252ccommunication%252cgraphisme%252caudiovisuel%252cpub%26utm_term%3D41995446%26utm_content%3Dfluxexample",
    "contract_duration": null,
    "contract_remote": null,
    "contract_start": null,
    "contract_type": null,
    "errors": [],
    "offer_access_conditions": [],
    "offer_creation": 2024-01-30T22:11:59.000Z,
    "offer_description": "Votre futur poste

Venez participer à la création et à l'élaboration des actions et outils de communication BtoB au sein de notre Direction Appro lait basée à Laval (53).

Afin de coordonner et mettre en oeuvre les actions et outils de communication de la Direction Approvisionnement Lait France en relation avec la direction communication, vos principales missions seront :
-  Déployer la stratégie digitale et de contenu sur le site web des producteurs laitiers en cohérence avec la ligne éditoriale (Définir un planning éditorial, les contenus des publications, les publier et animer ainsi qu'assurer le reporting des actions
-  Déployer des solutions facilitant l'accès à l'information aux producteurs (portail web producteur, pushmail) dans le but d'ancrer les usages digitaux dans le comportement des producteurs, d'accroître le trafic sur le site et d'attirer de nouveaux utilisateurs.
-  Réaliser des supports d'aide à la vente (plaquettes) en coordination avec les responsables commerciaux, et assurer la création et la diffusion d'outils webmarketing.
-  Accompagner les équipes qualité & RSE sur la conception d'outils de communication à destination de nos équipes techniques et de nos producteurs
-  Mettre en oeuvre la présence de Lactalis France sur les salons et événements professionnels, organiser des événements à destination des clients
-  Concevoir les outils de communication print en lien avec le studio graphique (magazine, plaquettes, affiche, encart web)

Ce poste est à pourvoir en CDI

Accomplissez-vous avec engagement et plaisir au quotidien !

Pourquoi nous rejoindre ?

Parce que la promotion interne est au coeur de notre modèle, vous bénéficierez d'un accompagnement personnalisé et adapté à vos besoins pour construire votre projet professionnel avec des perspectives d'évolution.

Vous pourrez aborder l'avenir en toute confiance avec notamment une rémunération reconnaissant votre engagement : salaire fixe sur 13 mois, prime d'objectifs, intéressement, participation et épargne salariale attractive. Vous bénéficierez par ailleurs d'une mutuelle et des avantages de votre CSE.

Vous recherchez une ville à taille humaine bénéficiant d'un cadre de vie verdoyant ? Venez découvrir Laval, à seulement 1h10 de Paris et à proximité de grandes villes comme Rennes et Angers !

Venez évoluer au sein d'équipes passionnées !

Vos atouts

Vous êtes issu d'une formation de type Master en Marketing, communication ou spécialité agri/agro, et vous justifiez idéalement d'une première expérience dans la communication. L'appétence pour le milieu AGRI/AGRO est également primordiale pour ce poste

Vous maîtrisez différentes techniques de rédaction (écriture web, print), de publication on line et des outils d'analyses de trafic

Et une bonne connaissance des logiciels de PAO (QuarkXPress), de retouche photo (Photoshop, InDesign, Illustrator) et en CMS (Content Management System)

Enfin vous avez une bonne culture des différents procédés de mise en oeuvre des actions et des techniques nécessaires afin de contrôler la qualité des réalisations (brochures, plaquettes, site internet, réseaux sociaux) et de tenir les délais de production

Et surtout, vous êtes doté d'un fort esprit de synthèse et faites preuve d'un excellent relationnel, alors ce poste est fait pour vous !

Révélez votre potentiel dans un environnement « apprenant » !

Ce poste correspond à votre projet ?  Alors postulez !

Après un premier échange téléphonique, vous rencontrerez votre futur Manager et un Responsable Ressources Humaines.

Rejoignez-nous et venez goûter à une expérience unique !",
    "offer_desired_skills": [],
    "offer_expiration": 2024-03-30T22:11:59.000Z,
    "offer_multicast": false,
    "offer_opening_count": 1,
    "offer_origin": null,
    "offer_rome_codes": null,
    "offer_target_diploma": {
      "european": "5",
      "label": "BTS, DEUST, autres formations niveau (Bac+2)",
    },
    "offer_title": "Chargé de Communication Btob Laval 53 H/F",
    "offer_to_be_acquired_skills": [],
    "partner_job_id": "68090104",
    "partner_label": "Hello work",
    "validated": false,
    "workplace_address_label": "LAVAL",
    "workplace_description": "Vous aussi venez vivre votre #LactalisExperience !
Fondé en 1933 par André Besnier à Laval, le Groupe Lactalis est une entreprise familiale devenue en trois générations le leader mondial des produits laitiers (250 sites de production dans 43 pays - 85 000 collaborateurs)",
    "workplace_geopoint": {
      "coordinates": [
        -0.123456789,
        48.123456789,
      ],
      "type": "Point",
    },
    "workplace_name": "Lactalis",
    "workplace_siret": "33114255400012",
    "workplace_size": null,
    "workplace_website": null,
  },
  {
    "apply_url": "https://r.holeest.com/redirect?poc=2&op=4368162037&o=0&from=https%3A%2F%2Fwww.hellowork.com%2Ffr-fr%2Femplois%2F42014902.html%3Futm_medium%3DMetamoteurs-cpc%26utm_source%3Dexample%26utm_campaign%3Dclassique%2B-%2Bmarketing%252ccommunication%252cgraphisme%252caudiovisuel%252cpub%26utm_term%3D42014902%26utm_content%3Dfluxexample",
    "contract_duration": null,
    "contract_remote": "hybrid",
    "contract_start": null,
    "contract_type": null,
    "errors": [],
    "offer_access_conditions": [],
    "offer_creation": 2024-01-31T22:09:13.000Z,
    "offer_description": "Nous recherchons notre futur(e) Directeur Marketing.

Vos futures missions : si vous les acceptez

Mission 1 : Élaboration et Développement de la Stratégie Marketing

En tant que Directeur Marketing du Comptoir Général de Robinetterie, vous serez le moteur de notre succès en élaborant et en mettant en oeuvre notre stratégie marketing. Vos responsabilités clés incluront :
-  Concevoir et mettre en oeuvre une stratégie marketing en alignement avec les objectifs de l'entreprise.
-  Contribuer à la stratégie omnicanale de l'entreprise, tant en ligne qu'hors ligne.
-  Superviser le plan de déploiement et d'animation du canal de vente en ligne.
-  Élaborer et superviser le plan marketing opérationnel de l'entreprise.
-  Concevoir des plans marketing, y compris la définition des segments de marché, la tarification, la promotion et la distribution.
-  Surveiller les tendances du marché, la concurrence et les besoins des clients pour adapter la stratégie.
-  Diriger de nouveaux projets digitaux.
-  Travailler en étroite collaboration avec les équipes de vente pour développer des outils et des stratégies de vente efficaces.
-  Proposer des plans d'évolution des produits et services.

Mission 2 : Définition de la Stratégie de Communication Interne et Externe

Vous serez également chargé de définir la stratégie de communication interne et externe pour renforcer la visibilité de l'entreprise. Vos activités comprendront :
-  Participer à la définition de la stratégie de communication interne et externe pour atteindre les publics cibles.
-  Élaborer des plans de communication internes et externes.
-  Mettre en place des indicateurs de performance (KPI) pour évaluer l'efficacité des actions de communication.
-  Assurer la cohérence des actions de communication avec la stratégie globale.
-  Gérer le budget de communication et effectuer un reporting à la direction générale.
-  Optimiser les processus pour améliorer le service de communication.

Mission 3 : Management des Équipes Marketing et Communication

En tant que leader, vous dirigerez les équipes marketing et communication, coordonnerez leurs activités et encouragerez le développement professionnel. Vos activités comprendront :
-  Superviser les équipes de marketing et de communication.
-  Recruter et animer les équipes marketing.
-  Coordonner les collaborations entre les équipes marketing et les équipes commerciales.
-  Diriger et motiver l'équipe pour atteindre les objectifs fixés.
-  Évaluer et contribuer au développement professionnel de vos collaborateurs.
-  Agir pour le développement et l'épanouissement de votre équipe.",
    "offer_desired_skills": [
      "Exigences du poste :
-   Expérience solide en marketing, de préférence dans l'industrie de la robinetterie.
-   Connaissance des produits de robinetterie et du secteur.
-   Capacité à élaborer et exécuter des stratégies marketing efficaces.
-   Excellentes compétences en gestion d'équipe et en coordination.
-   Fortes compétences en communication, à la fois écrite et orale.
-   Diplôme en marketing, communication ou domaine connexe (un atout).",
    ],
    "offer_expiration": 2024-03-31T22:09:13.000Z,
    "offer_multicast": false,
    "offer_opening_count": 1,
    "offer_origin": null,
    "offer_rome_codes": null,
    "offer_target_diploma": {
      "european": "7",
      "label": "Master, titre ingénieur, autres formations niveau (Bac+5)",
    },
    "offer_title": "Directeur Marketing H/F",
    "offer_to_be_acquired_skills": [],
    "partner_job_id": "68110296",
    "partner_label": "Hello work",
    "validated": false,
    "workplace_address_label": "TINQUEUX",
    "workplace_description": "Distributeur spécialisé en robinetterie et accessoires depuis plus de 40 ans, nous accompagnons les professionnels du Génie Climatique, du Logement et de l'Industrie dans la réussite de leurs projets.

Pour ce faire, nous proposons une gamme élargie de solutions et de services associée à une logistique de pointe et à l'expertise de nos 300 collaborateurs.

Nos valeurs : Respect - Bien-être - Détermination - Innovation

En constante évolution pour satisfaire nos clients, nous recherchons de nouveaux talents passionnés et engagés qui souhaitent s'investir pour révolutionner durablement la distribution.

Prêt à rejoindre la Team CGR ?",
    "workplace_geopoint": {
      "coordinates": [
        3.989532671,
        49.249622311,
      ],
      "type": "Point",
    },
    "workplace_name": "CGR",
    "workplace_siret": "31882776300042",
    "workplace_size": null,
    "workplace_website": null,
  },
  {
    "apply_url": "https://r.holeest.com/redirect?poc=2&op=4368162038&o=0&from=https%3A%2F%2Fwww.hellowork.com%2Ffr-fr%2Femplois%2F42016309.html%3Futm_medium%3DMetamoteurs-cpc%26utm_source%3Dexample%26utm_campaign%3Dclassique%2B-%2Bmarketing%252ccommunication%252cgraphisme%252caudiovisuel%252cpub%26utm_term%3D42016309%26utm_content%3Dfluxexample",
    "contract_duration": null,
    "contract_remote": "onsite",
    "contract_start": null,
    "contract_type": null,
    "errors": [],
    "offer_access_conditions": [],
    "offer_creation": 2024-01-31T22:11:11.000Z,
    "offer_description": "La révolution robotique portée par Exotec ne fait que commencer, vous en êtes ?

Responsibilities

-  Développer des programmes logiciels et des interfaces entre les produits Exotec et les écosystèmes logiciels des clients
-  Rédiger les spécifications pour tous les développements de logiciels des projets
-  Analyser les besoins et l'architecture logicielle des clients et faire des propositions techniques optimisées
-  Rédiger l'analyse fonctionnelle décrivant les opérations logicielles sur les systèmes
-  Assurer une passation des fonctionnalités logicielles développées aux équipes sur site
-  Soutenir (sur place ou à distance) les équipes sur site si nécessaire

Requirements

-  Vous avez une formation orientée informatique acquise en école d'ingénieur ou avec un cursus Bac +4/+5
-  Vous avez une première expérience dans le développement et/ou l'intégration de logiciels de type WMS (WMS, WCS, TMS) dans le secteur logistique
-  Vous maitrisez les compétences techniques suivantes : SQL / PostgreSQL, JavaScript, Web développement
-  Vous aimez le challenge, la diversité et la résolution de problématiques techniques innovantes
-  Vous êtes dynamique, rigoureux(se) et aimez travailler en équipe sur des missions variées
-  Vous avez un niveau d'anglais opérationnel, à l'oral comme à l'écrit

Benefits

-  Couverture mutuelle et prévoyance santé compétitive
-  Primes collectives et attribution de BSPCE
-  Politique famille avantageuse
-  Programme de mobilité interne et internationale
-  Nombreuses opportunités de formation et de développement

Chez Exotec, nous garantissons l'égalité des chances dans notre processus de recrutement. L'ensemble des candidatures reçues sont étudiées indépendamment de l'âge, du genre, de l'origine, de la religion, de la couleur de peau, de la nationalité, du sexe, du handicap, de l'orientation sexuelle ou de toute autre distinction protégée par la loi. Nous mettons en place un environnement de travail inclusif et respectueux de toutes les différences. En rejoignant le Pacte Parité, Exotec s'engage pour un écosystème French Tech plus paritaire",
    "offer_desired_skills": [],
    "offer_expiration": 2024-03-31T22:11:11.000Z,
    "offer_multicast": false,
    "offer_opening_count": 1,
    "offer_origin": null,
    "offer_rome_codes": null,
    "offer_target_diploma": {
      "european": "7",
      "label": "Master, titre ingénieur, autres formations niveau (Bac+5)",
    },
    "offer_title": "Ingénieur Intégration Software H/F",
    "offer_to_be_acquired_skills": [],
    "partner_job_id": "68111676",
    "partner_label": "Hello work",
    "validated": false,
    "workplace_address_label": "LILLE",
    "workplace_description": "Chez Exotec, nous mettons l'excellence technologique au service de la redéfinition des relations entre humains et robots. A travers le monde, nos solutions révolutionnent la façon dont nos clients délivrent leurs produits aux consommateurs finaux. Nous contribuons au succès des plus grandes marques du commerce et de l'industrie, tout en améliorant les conditions de travail de leurs salariés.

Par l'alliance de l'intelligence artificielle et d'un hardware performant, nos robots sont désormais déployés dans le monde entier et leur succès a fait de nous la première licorne industrielle française.

Rejoindre Exotec, c'est l'opportunité de donner du sens à vos compétences. Grandissez avec plus de 600 ExoPeople dans le monde entier pour faire de vos idées, des réalités.",
    "workplace_geopoint": {
      "coordinates": [
        3.04783272312,
        50.6317183168,
      ],
      "type": "Point",
    },
    "workplace_name": "Exotec",
    "workplace_siret": "81287874200038",
    "workplace_size": null,
    "workplace_website": null,
  },
  {
    "apply_url": "https://r.holeest.com/redirect?poc=2&op=4368162039&o=0&from=https%3A%2F%2Fwww.hellowork.com%2Ffr-fr%2Femplois%2F42018480.html%3Futm_medium%3DMetamoteurs-cpc%26utm_source%3Dexample%26utm_campaign%3Dclassique%2B-%2Bmarketing%252ccommunication%252cgraphisme%252caudiovisuel%252cpub%26utm_term%3D42018480%26utm_content%3Dfluxexample",
    "contract_duration": null,
    "contract_remote": "onsite",
    "contract_start": null,
    "contract_type": null,
    "errors": [],
    "offer_access_conditions": [],
    "offer_creation": 2024-01-31T22:22:17.000Z,
    "offer_description": "Prendre en charge plusieurs projets de développement de produits sous la responsabilité d'un responsable de gamme.

Suivre le cahier des charges Marketing pour définir et figer les spécifications du produit.

Travailler avec les achats pour définir un prix produit et le garantir - make or buy.

Etablir le besoin du projet en ressources, budget et son planning et veiller à les respecter.

Rendre compte au responsable de gamme et à la direction des avancées, besoins et risques du projet.

Piloter les actions pluridisciplinaires (électronique, mécanique, logiciel, validation) des équipes internes et fournisseurs qui conditionnent la fabrication industrielle d'un produit, de la conception à la mise en production. Mettre en place les outils de gestion liés aux produits (documents techniques, structures informatiques, bases de données) et tenir à jour ces données (plans, nomenclatures, procédures).

Veiller à la qualification du produit en collaboration avec les équipes validation et également les organismes de certifications extérieurs.

Veiller à la mise en oeuvre des livrables attendus à chaque jalon (spécification, plans, nomenclatures, schémas électroniques, logiciel, procédures).

Être le premier contact des partenaires, fournisseurs et sous-traitants pour toutes les questions liées à l'industrialisation. Assurer les actions nécessaires à la maintenance des produits en vie série (création / validation kits SAV, gestion obsolescence composants, correction bugs, programme de réduction des coûts)

Assurer les actions nécessaires à la maintenance des produits en vie série (création / validation kits SAV, gestion obsolescence composants, correction bugs, programme de réduction des coûts).",
    "offer_desired_skills": [
      "FORMATION - Formation d'Ingénieur généraliste ou industriel ou Mécanique,

Electronique.

EXPERIENCE - 3 à 5 ans dans le domaine industriel, plus

particulièrement dans une entreprise de conception, production, commercialisation

de produits assemblés.

QUALITES - Rigueur, capacité à s'organiser, leadership, communication, pragmatisme, autonomie

LANGUES - Anglais courant.

Ref : 1jvie4rokd",
    ],
    "offer_expiration": 2024-03-31T22:22:17.000Z,
    "offer_multicast": false,
    "offer_opening_count": 1,
    "offer_origin": null,
    "offer_rome_codes": null,
    "offer_target_diploma": {
      "european": "3",
      "label": "Cap, autres formations niveau (Infrabac)",
    },
    "offer_title": "Chef de Projet Photo H/F",
    "offer_to_be_acquired_skills": [],
    "partner_job_id": "68113693",
    "partner_label": "Hello work",
    "validated": false,
    "workplace_address_label": "Photo-Me,Échirolles,38130 ECHIROLLES",
    "workplace_description": "ME GROUP (Photomaton) développe et commercialise des distributeurs automatiques en libre-service à valeur ajoutée. Aujourd'hui, nous sommes un acteur majeur dans des secteurs aussi divers que la photographie, l'alimentation et les laveries automatiques.",
    "workplace_geopoint": {
      "coordinates": [
        5.71535600177,
        45.1471647181,
      ],
      "type": "Point",
    },
    "workplace_name": "ME GROUP",
    "workplace_siret": "81986335800019",
    "workplace_size": null,
    "workplace_website": null,
  },
]
`;
