// Vitest Snapshot v1, https://vitest.dev/guide/snapshot.html

exports[`import-hello-work > should test the import of hellowork data into computed_job_partners 1`] = `
[
  {
    "apply_phone": null,
    "apply_url": "https://r.holeest.com/redirect?poc=2&op=4368162035&o=0&from=https%3A%2F%2Fwww.hellowork.com%2Ffr-fr%2Femplois%2F41990977.html%3Futm_medium%3DMetamoteurs-cpc%26utm_source%3Dexample%26utm_campaign%3Dclassique%2B-%2Bmarketing%252ccommunication%252cgraphisme%252caudiovisuel%252cpub%26utm_term%3D41990977%26utm_content%3Dfluxexample",
    "business_error": null,
    "contract_duration": null,
    "contract_is_disabled_elligible": false,
    "contract_remote": "onsite",
    "contract_start": null,
    "contract_type": null,
    "errors": [],
    "jobs_in_success": [],
    "offer_access_conditions": [],
    "offer_creation": 2024-01-30T22:21:39.000Z,
    "offer_description": "Vous développerez l'innovation pour créer les conditions favorables à l'émergence de nouveaux usages dans nos pratiques de conseil et dans le cadre des projets clients. Vous participerez au processus de recrutement et à la montée en compétences des consultants.

Vous contribuez au développement commercial en concevant des nouvelles offres, développant le portefeuille client existant, répondant aux appels d'offres clients. Vous participez aux actions de notoriété et de communication du cabinet : études de marché, publications d'articles ou d'infographies.",
    "offer_desired_skills": [
      "-   Expert du conseil en management et du secteur banque ou assurance.
-   Esprit entrepreneurial et appétence commerciale
-   Goût pour le numérique et l'innovation.
-   Aisance à assurer un pilotage de projet alternant présentiel et distanciel.
-   Créatif ayant la capacité à mettre en oeuvre ses idées
-   Leadership et Capacité à nouer des relations de confiance avec les clients.
-   Esprit d'équipe et d'initiative.
-   Conscient des enjeux collectifs.
-   Pédagogue qui aime transmettre ses compétences.
-   Anglais : lu, écrit, parlé.",
    ],
    "offer_expiration": 2024-03-30T22:21:39.000Z,
    "offer_multicast": false,
    "offer_opening_count": 1,
    "offer_origin": "Flux",
    "offer_rome_codes": null,
    "offer_status": "Active",
    "offer_status_history": [],
    "offer_target_diploma": {
      "european": "7",
      "label": "Master, titre ingénieur, grande école (Bac+5)",
    },
    "offer_title": "Manager en Stratégie Management et Organisation H/F",
    "offer_to_be_acquired_knowledge": [],
    "offer_to_be_acquired_skills": [],
    "partner_job_id": "1792883/10218731 MESMEO/94V",
    "partner_label": "Hellowork",
    "updated_at": 2024-07-21T02:49:06.000Z,
    "validated": false,
    "workplace_address_city": "VINCENNES",
    "workplace_address_label": "VINCENNES 94300",
    "workplace_address_street_label": null,
    "workplace_address_zipcode": "94300",
    "workplace_brand": null,
    "workplace_description": "Software Consulting est un cabinet de conseil en stratégie, management et en organisation indépendant et spécialisé dans les services financiers : la banque et l'assurance.",
    "workplace_geopoint": {
      "coordinates": [
        2.123456789,
        48.123456789,
      ],
      "type": "Point",
    },
    "workplace_idcc": null,
    "workplace_legal_name": null,
    "workplace_naf_code": null,
    "workplace_naf_label": null,
    "workplace_name": "Software Consulting",
    "workplace_opco": null,
    "workplace_siret": null,
    "workplace_size": null,
    "workplace_website": null,
  },
  {
    "apply_phone": null,
    "apply_url": "https://r.holeest.com/redirect?poc=2&op=4368162037&o=0&from=https%3A%2F%2Fwww.hellowork.com%2Ffr-fr%2Femplois%2F42014902.html%3Futm_medium%3DMetamoteurs-cpc%26utm_source%3Dexample%26utm_campaign%3Dclassique%2B-%2Bmarketing%252ccommunication%252cgraphisme%252caudiovisuel%252cpub%26utm_term%3D42014902%26utm_content%3Dfluxexample",
    "business_error": null,
    "contract_duration": null,
    "contract_is_disabled_elligible": false,
    "contract_remote": "hybrid",
    "contract_start": null,
    "contract_type": null,
    "errors": [],
    "jobs_in_success": [],
    "offer_access_conditions": [],
    "offer_creation": 2024-01-31T22:09:13.000Z,
    "offer_description": "Nous recherchons notre futur(e) Directeur Marketing.

Vos futures missions : si vous les acceptez

Mission 1 : Élaboration et Développement de la Stratégie Marketing

En tant que Directeur Marketing du Comptoir Général de Robinetterie, vous serez le moteur de notre succès en élaborant et en mettant en oeuvre notre stratégie marketing. Vos responsabilités clés incluront :
-  Concevoir et mettre en oeuvre une stratégie marketing en alignement avec les objectifs de l'entreprise.
-  Contribuer à la stratégie omnicanale de l'entreprise, tant en ligne qu'hors ligne.
-  Superviser le plan de déploiement et d'animation du canal de vente en ligne.
-  Élaborer et superviser le plan marketing opérationnel de l'entreprise.
-  Concevoir des plans marketing, y compris la définition des segments de marché, la tarification, la promotion et la distribution.
-  Surveiller les tendances du marché, la concurrence et les besoins des clients pour adapter la stratégie.
-  Diriger de nouveaux projets digitaux.
-  Travailler en étroite collaboration avec les équipes de vente pour développer des outils et des stratégies de vente efficaces.
-  Proposer des plans d'évolution des produits et services.

Mission 2 : Définition de la Stratégie de Communication Interne et Externe

Vous serez également chargé de définir la stratégie de communication interne et externe pour renforcer la visibilité de l'entreprise. Vos activités comprendront :
-  Participer à la définition de la stratégie de communication interne et externe pour atteindre les publics cibles.
-  Élaborer des plans de communication internes et externes.
-  Mettre en place des indicateurs de performance (KPI) pour évaluer l'efficacité des actions de communication.
-  Assurer la cohérence des actions de communication avec la stratégie globale.
-  Gérer le budget de communication et effectuer un reporting à la direction générale.
-  Optimiser les processus pour améliorer le service de communication.

Mission 3 : Management des Équipes Marketing et Communication

En tant que leader, vous dirigerez les équipes marketing et communication, coordonnerez leurs activités et encouragerez le développement professionnel. Vos activités comprendront :
-  Superviser les équipes de marketing et de communication.
-  Recruter et animer les équipes marketing.
-  Coordonner les collaborations entre les équipes marketing et les équipes commerciales.
-  Diriger et motiver l'équipe pour atteindre les objectifs fixés.
-  Évaluer et contribuer au développement professionnel de vos collaborateurs.
-  Agir pour le développement et l'épanouissement de votre équipe.",
    "offer_desired_skills": [
      "Exigences du poste :
-   Expérience solide en marketing, de préférence dans l'industrie de la robinetterie.
-   Connaissance des produits de robinetterie et du secteur.
-   Capacité à élaborer et exécuter des stratégies marketing efficaces.
-   Excellentes compétences en gestion d'équipe et en coordination.
-   Fortes compétences en communication, à la fois écrite et orale.
-   Diplôme en marketing, communication ou domaine connexe (un atout).",
    ],
    "offer_expiration": 2024-03-31T22:09:13.000Z,
    "offer_multicast": false,
    "offer_opening_count": 1,
    "offer_origin": "Flux",
    "offer_rome_codes": null,
    "offer_status": "Active",
    "offer_status_history": [],
    "offer_target_diploma": {
      "european": "7",
      "label": "Master, titre ingénieur, grande école (Bac+5)",
    },
    "offer_title": "Directeur Marketing H/F",
    "offer_to_be_acquired_knowledge": [],
    "offer_to_be_acquired_skills": [],
    "partner_job_id": "1793166/10221179 DM/51T",
    "partner_label": "Hellowork",
    "updated_at": 2024-07-21T02:49:06.000Z,
    "validated": false,
    "workplace_address_city": "TINQUEUX",
    "workplace_address_label": "TINQUEUX 51430",
    "workplace_address_street_label": null,
    "workplace_address_zipcode": "51430",
    "workplace_brand": null,
    "workplace_description": "Distributeur spécialisé en robinetterie et accessoires depuis plus de 40 ans, nous accompagnons les professionnels du Génie Climatique, du Logement et de l'Industrie dans la réussite de leurs projets.

Pour ce faire, nous proposons une gamme élargie de solutions et de services associée à une logistique de pointe et à l'expertise de nos 300 collaborateurs.

Nos valeurs : Respect - Bien-être - Détermination - Innovation

En constante évolution pour satisfaire nos clients, nous recherchons de nouveaux talents passionnés et engagés qui souhaitent s'investir pour révolutionner durablement la distribution.

Prêt à rejoindre la Team CGR ?",
    "workplace_geopoint": {
      "coordinates": [
        3.989532671,
        49.249622311,
      ],
      "type": "Point",
    },
    "workplace_idcc": null,
    "workplace_legal_name": null,
    "workplace_naf_code": null,
    "workplace_naf_label": null,
    "workplace_name": "CGR",
    "workplace_opco": null,
    "workplace_siret": "31882776300042",
    "workplace_size": null,
    "workplace_website": null,
  },
  {
    "apply_phone": null,
    "apply_url": "https://r.holeest.com/redirect?poc=2&op=4368162039&o=0&from=https%3A%2F%2Fwww.hellowork.com%2Ffr-fr%2Femplois%2F42018480.html%3Futm_medium%3DMetamoteurs-cpc%26utm_source%3Dexample%26utm_campaign%3Dclassique%2B-%2Bmarketing%252ccommunication%252cgraphisme%252caudiovisuel%252cpub%26utm_term%3D42018480%26utm_content%3Dfluxexample",
    "business_error": null,
    "contract_duration": null,
    "contract_is_disabled_elligible": false,
    "contract_remote": "onsite",
    "contract_start": null,
    "contract_type": null,
    "errors": [],
    "jobs_in_success": [],
    "offer_access_conditions": [],
    "offer_creation": 2024-01-31T22:22:17.000Z,
    "offer_description": "Prendre en charge plusieurs projets de développement de produits sous la responsabilité d'un responsable de gamme.

Suivre le cahier des charges Marketing pour définir et figer les spécifications du produit.

Travailler avec les achats pour définir un prix produit et le garantir - make or buy.

Etablir le besoin du projet en ressources, budget et son planning et veiller à les respecter.

Rendre compte au responsable de gamme et à la direction des avancées, besoins et risques du projet.

Piloter les actions pluridisciplinaires (électronique, mécanique, logiciel, validation) des équipes internes et fournisseurs qui conditionnent la fabrication industrielle d'un produit, de la conception à la mise en production. Mettre en place les outils de gestion liés aux produits (documents techniques, structures informatiques, bases de données) et tenir à jour ces données (plans, nomenclatures, procédures).

Veiller à la qualification du produit en collaboration avec les équipes validation et également les organismes de certifications extérieurs.

Veiller à la mise en oeuvre des livrables attendus à chaque jalon (spécification, plans, nomenclatures, schémas électroniques, logiciel, procédures).

Être le premier contact des partenaires, fournisseurs et sous-traitants pour toutes les questions liées à l'industrialisation. Assurer les actions nécessaires à la maintenance des produits en vie série (création / validation kits SAV, gestion obsolescence composants, correction bugs, programme de réduction des coûts)

Assurer les actions nécessaires à la maintenance des produits en vie série (création / validation kits SAV, gestion obsolescence composants, correction bugs, programme de réduction des coûts).",
    "offer_desired_skills": [
      "FORMATION - Formation d'Ingénieur généraliste ou industriel ou Mécanique,

Electronique.

EXPERIENCE - 3 à 5 ans dans le domaine industriel, plus

particulièrement dans une entreprise de conception, production, commercialisation

de produits assemblés.

QUALITES - Rigueur, capacité à s'organiser, leadership, communication, pragmatisme, autonomie

LANGUES - Anglais courant.

Ref : 1jvie4rokd",
    ],
    "offer_expiration": 2024-03-31T22:22:17.000Z,
    "offer_multicast": false,
    "offer_opening_count": 1,
    "offer_origin": "Flux",
    "offer_rome_codes": null,
    "offer_status": "Active",
    "offer_status_history": [],
    "offer_target_diploma": {
      "european": "3",
      "label": "CAP, BEP (Infrabac)",
    },
    "offer_title": "Chef de Projet Photo H/F",
    "offer_to_be_acquired_knowledge": [],
    "offer_to_be_acquired_skills": [],
    "partner_job_id": "1jvie4rokd",
    "partner_label": "Hellowork",
    "updated_at": 2024-07-21T02:49:06.000Z,
    "validated": false,
    "workplace_address_city": "ECHIROLLES",
    "workplace_address_label": "ECHIROLLES 38130",
    "workplace_address_street_label": null,
    "workplace_address_zipcode": "38130",
    "workplace_brand": null,
    "workplace_description": "ME GROUP (Photomaton) développe et commercialise des distributeurs automatiques en libre-service à valeur ajoutée. Aujourd'hui, nous sommes un acteur majeur dans des secteurs aussi divers que la photographie, l'alimentation et les laveries automatiques.",
    "workplace_geopoint": {
      "coordinates": [
        5.71535600177,
        45.1471647181,
      ],
      "type": "Point",
    },
    "workplace_idcc": null,
    "workplace_legal_name": null,
    "workplace_naf_code": null,
    "workplace_naf_label": null,
    "workplace_name": "ME GROUP",
    "workplace_opco": null,
    "workplace_siret": "81986335800019",
    "workplace_size": null,
    "workplace_website": null,
  },
  {
    "apply_phone": null,
    "apply_url": "https://r.holeest.com/redirect?poc=2&op=4368162036&o=0&from=https%3A%2F%2Fwww.hellowork.com%2Ffr-fr%2Femplois%2F41995446.html%3Futm_medium%3DMetamoteurs-cpc%26utm_source%3Dexample%26utm_campaign%3Dclassique%2B-%2Bmarketing%252ccommunication%252cgraphisme%252caudiovisuel%252cpub%26utm_term%3D41995446%26utm_content%3Dfluxexample",
    "business_error": null,
    "contract_duration": null,
    "contract_is_disabled_elligible": false,
    "contract_remote": null,
    "contract_start": null,
    "contract_type": null,
    "errors": [],
    "jobs_in_success": [],
    "offer_access_conditions": [],
    "offer_creation": 2024-01-30T22:11:59.000Z,
    "offer_description": "Votre futur poste

Venez participer à la création et à l'élaboration des actions et outils de communication BtoB au sein de notre Direction Appro lait basée à Laval (53).

Afin de coordonner et mettre en oeuvre les actions et outils de communication de la Direction Approvisionnement Lait France en relation avec la direction communication, vos principales missions seront :
-  Déployer la stratégie digitale et de contenu sur le site web des producteurs laitiers en cohérence avec la ligne éditoriale (Définir un planning éditorial, les contenus des publications, les publier et animer ainsi qu'assurer le reporting des actions
-  Déployer des solutions facilitant l'accès à l'information aux producteurs (portail web producteur, pushmail) dans le but d'ancrer les usages digitaux dans le comportement des producteurs, d'accroître le trafic sur le site et d'attirer de nouveaux utilisateurs.
-  Réaliser des supports d'aide à la vente (plaquettes) en coordination avec les responsables commerciaux, et assurer la création et la diffusion d'outils webmarketing.
-  Accompagner les équipes qualité & RSE sur la conception d'outils de communication à destination de nos équipes techniques et de nos producteurs
-  Mettre en oeuvre la présence de Lactalis France sur les salons et événements professionnels, organiser des événements à destination des clients
-  Concevoir les outils de communication print en lien avec le studio graphique (magazine, plaquettes, affiche, encart web)

Ce poste est à pourvoir en CDI

Accomplissez-vous avec engagement et plaisir au quotidien !

Pourquoi nous rejoindre ?

Parce que la promotion interne est au coeur de notre modèle, vous bénéficierez d'un accompagnement personnalisé et adapté à vos besoins pour construire votre projet professionnel avec des perspectives d'évolution.

Vous pourrez aborder l'avenir en toute confiance avec notamment une rémunération reconnaissant votre engagement : salaire fixe sur 13 mois, prime d'objectifs, intéressement, participation et épargne salariale attractive. Vous bénéficierez par ailleurs d'une mutuelle et des avantages de votre CSE.

Vous recherchez une ville à taille humaine bénéficiant d'un cadre de vie verdoyant ? Venez découvrir Laval, à seulement 1h10 de Paris et à proximité de grandes villes comme Rennes et Angers !

Venez évoluer au sein d'équipes passionnées !

Vos atouts

Vous êtes issu d'une formation de type Master en Marketing, communication ou spécialité agri/agro, et vous justifiez idéalement d'une première expérience dans la communication. L'appétence pour le milieu AGRI/AGRO est également primordiale pour ce poste

Vous maîtrisez différentes techniques de rédaction (écriture web, print), de publication on line et des outils d'analyses de trafic

Et une bonne connaissance des logiciels de PAO (QuarkXPress), de retouche photo (Photoshop, InDesign, Illustrator) et en CMS (Content Management System)

Enfin vous avez une bonne culture des différents procédés de mise en oeuvre des actions et des techniques nécessaires afin de contrôler la qualité des réalisations (brochures, plaquettes, site internet, réseaux sociaux) et de tenir les délais de production

Et surtout, vous êtes doté d'un fort esprit de synthèse et faites preuve d'un excellent relationnel, alors ce poste est fait pour vous !

Révélez votre potentiel dans un environnement « apprenant » !

Ce poste correspond à votre projet ?  Alors postulez !

Après un premier échange téléphonique, vous rencontrerez votre futur Manager et un Responsable Ressources Humaines.

Rejoignez-nous et venez goûter à une expérience unique !",
    "offer_desired_skills": [],
    "offer_expiration": 2024-03-30T22:11:59.000Z,
    "offer_multicast": false,
    "offer_opening_count": 1,
    "offer_origin": "Flux",
    "offer_rome_codes": null,
    "offer_status": "Active",
    "offer_status_history": [],
    "offer_target_diploma": {
      "european": "5",
      "label": "BTS, DEUST (Bac+2)",
    },
    "offer_title": "Chargé de Communication Btob Laval 53 H/F",
    "offer_to_be_acquired_knowledge": [],
    "offer_to_be_acquired_skills": [],
    "partner_job_id": "d055f685ddee38d190934bde50554bb8",
    "partner_label": "Hellowork",
    "updated_at": 2024-07-21T02:49:06.000Z,
    "validated": false,
    "workplace_address_city": "LAVAL",
    "workplace_address_label": "LAVAL 53000",
    "workplace_address_street_label": null,
    "workplace_address_zipcode": "53000",
    "workplace_brand": null,
    "workplace_description": "Vous aussi venez vivre votre #LactalisExperience !
Fondé en 1933 par André Besnier à Laval, le Groupe Lactalis est une entreprise familiale devenue en trois générations le leader mondial des produits laitiers (250 sites de production dans 43 pays - 85 000 collaborateurs)",
    "workplace_geopoint": {
      "coordinates": [
        -0.123456789,
        48.123456789,
      ],
      "type": "Point",
    },
    "workplace_idcc": null,
    "workplace_legal_name": null,
    "workplace_naf_code": null,
    "workplace_naf_label": null,
    "workplace_name": "Lactalis",
    "workplace_opco": null,
    "workplace_siret": "33114255400012",
    "workplace_size": null,
    "workplace_website": null,
  },
  {
    "apply_phone": null,
    "apply_url": "https://r.holeest.com/redirect?poc=2&op=4368162038&o=0&from=https%3A%2F%2Fwww.hellowork.com%2Ffr-fr%2Femplois%2F42016309.html%3Futm_medium%3DMetamoteurs-cpc%26utm_source%3Dexample%26utm_campaign%3Dclassique%2B-%2Bmarketing%252ccommunication%252cgraphisme%252caudiovisuel%252cpub%26utm_term%3D42016309%26utm_content%3Dfluxexample",
    "business_error": null,
    "contract_duration": null,
    "contract_is_disabled_elligible": false,
    "contract_remote": "onsite",
    "contract_start": null,
    "contract_type": null,
    "errors": [],
    "jobs_in_success": [],
    "offer_access_conditions": [],
    "offer_creation": 2024-01-31T22:11:11.000Z,
    "offer_description": "La révolution robotique portée par Exotec ne fait que commencer, vous en êtes ?

Responsibilities

-  Développer des programmes logiciels et des interfaces entre les produits Exotec et les écosystèmes logiciels des clients
-  Rédiger les spécifications pour tous les développements de logiciels des projets
-  Analyser les besoins et l'architecture logicielle des clients et faire des propositions techniques optimisées
-  Rédiger l'analyse fonctionnelle décrivant les opérations logicielles sur les systèmes
-  Assurer une passation des fonctionnalités logicielles développées aux équipes sur site
-  Soutenir (sur place ou à distance) les équipes sur site si nécessaire

Requirements

-  Vous avez une formation orientée informatique acquise en école d'ingénieur ou avec un cursus Bac +4/+5
-  Vous avez une première expérience dans le développement et/ou l'intégration de logiciels de type WMS (WMS, WCS, TMS) dans le secteur logistique
-  Vous maitrisez les compétences techniques suivantes : SQL / PostgreSQL, JavaScript, Web développement
-  Vous aimez le challenge, la diversité et la résolution de problématiques techniques innovantes
-  Vous êtes dynamique, rigoureux(se) et aimez travailler en équipe sur des missions variées
-  Vous avez un niveau d'anglais opérationnel, à l'oral comme à l'écrit

Benefits

-  Couverture mutuelle et prévoyance santé compétitive
-  Primes collectives et attribution de BSPCE
-  Politique famille avantageuse
-  Programme de mobilité interne et internationale
-  Nombreuses opportunités de formation et de développement

Chez Exotec, nous garantissons l'égalité des chances dans notre processus de recrutement. L'ensemble des candidatures reçues sont étudiées indépendamment de l'âge, du genre, de l'origine, de la religion, de la couleur de peau, de la nationalité, du sexe, du handicap, de l'orientation sexuelle ou de toute autre distinction protégée par la loi. Nous mettons en place un environnement de travail inclusif et respectueux de toutes les différences. En rejoignant le Pacte Parité, Exotec s'engage pour un écosystème French Tech plus paritaire",
    "offer_desired_skills": [],
    "offer_expiration": 2024-03-31T22:11:11.000Z,
    "offer_multicast": false,
    "offer_opening_count": 1,
    "offer_origin": "Flux",
    "offer_rome_codes": null,
    "offer_status": "Active",
    "offer_status_history": [],
    "offer_target_diploma": {
      "european": "7",
      "label": "Master, titre ingénieur, grande école (Bac+5)",
    },
    "offer_title": "Ingénieur Intégration Software H/F",
    "offer_to_be_acquired_knowledge": [],
    "offer_to_be_acquired_skills": [],
    "partner_job_id": "ea63804d309c190db1fd096af1a4da2b32455777",
    "partner_label": "Hellowork",
    "updated_at": 2024-07-21T02:49:06.000Z,
    "validated": false,
    "workplace_address_city": "LILLE",
    "workplace_address_label": "LILLE 59160",
    "workplace_address_street_label": null,
    "workplace_address_zipcode": "59160",
    "workplace_brand": null,
    "workplace_description": "Chez Exotec, nous mettons l'excellence technologique au service de la redéfinition des relations entre humains et robots. A travers le monde, nos solutions révolutionnent la façon dont nos clients délivrent leurs produits aux consommateurs finaux. Nous contribuons au succès des plus grandes marques du commerce et de l'industrie, tout en améliorant les conditions de travail de leurs salariés.

Par l'alliance de l'intelligence artificielle et d'un hardware performant, nos robots sont désormais déployés dans le monde entier et leur succès a fait de nous la première licorne industrielle française.

Rejoindre Exotec, c'est l'opportunité de donner du sens à vos compétences. Grandissez avec plus de 600 ExoPeople dans le monde entier pour faire de vos idées, des réalités.",
    "workplace_geopoint": {
      "coordinates": [
        3.04783272312,
        50.6317183168,
      ],
      "type": "Point",
    },
    "workplace_idcc": null,
    "workplace_legal_name": null,
    "workplace_naf_code": null,
    "workplace_naf_label": null,
    "workplace_name": "Exotec",
    "workplace_opco": null,
    "workplace_siret": "81287874200038",
    "workplace_size": null,
    "workplace_website": null,
  },
]
`;

exports[`import-hello-work > should test the import of the new hellowork flux format 1`] = `
[
  {
    "apply_phone": null,
    "apply_url": "https://www.hellowork.com/fr-fr/emplois/81643010.html?utm_campaign=alternance+-+bonnealternance+-+automobile&utm_content=fluxbonnealternance&utm_medium=metamoteurs-free&utm_source=bonnealternance&utm_term=81643010",
    "business_error": null,
    "contract_duration": 12,
    "contract_is_disabled_elligible": false,
    "contract_remote": "onsite",
    "contract_start": null,
    "contract_type": [
      "Apprentissage",
      "Professionnalisation",
    ],
    "errors": [],
    "jobs_in_success": [],
    "offer_access_conditions": [],
    "offer_creation": 2026-08-23T20:12:44.000Z,
    "offer_description": "Dans le cadre de votre apprentissage au sein de l'atelier, vous assurez l'ensemble des interventions aux côtés de nos carrossiers pour les aider à réaliser la maintenance préventive et corrective de la réception du véhicule jusqu'à sa remise au client.  
  
A cette occasion, voici vos missions :  
  
- Réparer les carrosseries industrielles, bennes, bâchées ou plateaux fourgons  
- Prendre soin des équipements, agencer et entretenir le poste de travail et l'outillage  
- Réaliser tous les contrôles nécessaires  
- Utiliser les moyens de manutention lourds  
- Mettre en forme les éléments composites et traiter les surfaces  
- Respecter les procédures QSE",
    "offer_desired_skills": [
      "Dans le cadre de la validation de votre CAP/CQP carrosserie, Bac Pro carrosserie ou un BTS conception et réalisation de carrosserie, n'hésitez pas à postuler !  
  
Vous avez un profil polyvalent vous permettant de réaliser des opérations de carrosserie industrielle et du soudage de divers éléments.

Ce poste peut également convenir à un profil motivé, curieux, aimant travailler en équipe et possédant des compétences techniques similaires (Tôlerie, Assemblage de pièces de métal, Soudure...) dans un autre secteur d'activité que le nôtre.",
    ],
    "offer_expiration": 2026-10-23T20:12:44.000Z,
    "offer_multicast": false,
    "offer_opening_count": 1,
    "offer_origin": "Flux",
    "offer_rome_codes": [
      "I1606",
    ],
    "offer_status": "Active",
    "offer_status_history": [],
    "offer_target_diploma": {
      "european": "3",
      "label": "CAP, BEP (Infrabac)",
    },
    "offer_title": "Alternance - Carrossier Poids Lourds H/F",
    "offer_to_be_acquired_knowledge": [],
    "offer_to_be_acquired_skills": [],
    "partner_job_id": "0010f7a9-8e76-452c-9708-29e7329f6608",
    "partner_label": "Hellowork",
    "updated_at": 2024-07-21T02:49:06.000Z,
    "validated": false,
    "workplace_address_city": "Ris-Orangis",
    "workplace_address_label": "Ris-Orangis 91130",
    "workplace_address_street_label": null,
    "workplace_address_zipcode": "91130",
    "workplace_brand": null,
    "workplace_description": "Acteur majeur de la distribution indépendante de pièces détachées et de la réparation automobile et poids lourd, Alliance Automotive Group est filiale du groupe Genuine Parts Company (GPC), coté en bourse aux Etats-Unis.  
  
Nous recrutons actuellement notre futur(e) alternant(e) pour l'une de nos filiales : MP TRUCK - TODD PARIS SUD  
  
Opportunité basée sur le site à RIS ORANGIS (91)",
    "workplace_geopoint": {
      "coordinates": [
        2.4104270427448506,
        48.645686774083934,
      ],
      "type": "Point",
    },
    "workplace_idcc": null,
    "workplace_legal_name": null,
    "workplace_naf_code": null,
    "workplace_naf_label": null,
    "workplace_name": "Alliance Automotive Group",
    "workplace_opco": null,
    "workplace_siret": "53851504000011",
    "workplace_size": null,
    "workplace_website": null,
  },
  {
    "apply_phone": null,
    "apply_url": "https://www.hellowork.com/fr-fr/emplois/82648242.html?utm_campaign=alternance+-+bonnealternance+-+service&utm_content=fluxbonnealternance&utm_medium=metamoteurs-free&utm_source=bonnealternance&utm_term=82648242",
    "business_error": null,
    "contract_duration": null,
    "contract_is_disabled_elligible": false,
    "contract_remote": null,
    "contract_start": null,
    "contract_type": [
      "Apprentissage",
      "Professionnalisation",
    ],
    "errors": [],
    "jobs_in_success": [],
    "offer_access_conditions": [],
    "offer_creation": 2026-08-25T08:32:40.000Z,
    "offer_description": "Missions

Vous souhaitez donner un nouveau sens à votre carrière ?

Votre mission, en tant qu'auxiliaire de vie (ADV) en contrat d'apprentissage ou professionnalisation, vous êtes un véritable partenaire de vie pour les personnes accompagnées. Concrètement, vous serez amené(e) à en binôme :

- Accompagner les personnes en situation de handicap ou âgées dans les actes de la vie quotidienne : lever, coucher, hygiène, mobilité, repas, courses, soutien moral...
- Adapter votre communication, votre rythme et vos gestes selon les besoins uniques de chaque bénéficiaire, dans le respect de sa dignité et de son intimité.
- Être attentif(ve) aux attentes de la personne et de ses proches, et contribuer à son bien-être et à son autonomie.
- Incarner au quotidien notre raison d'être : « Savoir être là », avec écoute, respect et bienveillance.

Profil recherché

Même sans expérience ni diplôme, nous vous accompagnons pas à pas dans votre reconversion vers un métier humain et porteur de sens.Nous recherchons des personnes capables de :

- Faire preuve d'empathie, de patience et de respect
- Être à l'écoute et savoir s'adapter aux situations imprévues
- Être fiable, ponctuel(le) et responsable

Contrat et avantages

Contrat et Avantages :

- CDI à temps plein ou partiel, horaires déterminés avec vous en début de contrat et évolution possible selon vos disponibilités
- Salaire compétitif avec prise en compte de l'expérience et des diplômes..
- Remboursement des frais de transport en commun à 100%,
- Prise en charge des indemnités kilométriques (selon règles internes)
- Prime trimestrielles et prime de cooptation attractives,
- Mutuelle moderne avec remboursement rapide et accès à un médecin en ligne.
- Possibilité de développement professionnel et de mobilité nationale.
- Formation au titre d'Auxiliaire de vie à domicile.  
Rejoindre Vitalliance, c'est intégrer une équipe engagée, humaine et solidaire.  
C'est donner du sens à votre métier, et participer à une aventure collective : construire une société plus inclusive et bienveillante.  
Chez Vitalliance, nous reconnaissons les compétences des personnes en situation de handicap et leu",
    "offer_desired_skills": [],
    "offer_expiration": 2026-10-25T08:32:40.000Z,
    "offer_multicast": false,
    "offer_opening_count": 1,
    "offer_origin": "Flux",
    "offer_rome_codes": [
      "K1304",
    ],
    "offer_status": "Active",
    "offer_status_history": [],
    "offer_target_diploma": null,
    "offer_title": "Aide à Domicile H/F",
    "offer_to_be_acquired_knowledge": [],
    "offer_to_be_acquired_skills": [],
    "partner_job_id": "02bd4ecc-07d0-4a68-8d00-ef08294c2fa1",
    "partner_label": "Hellowork",
    "updated_at": 2024-07-21T02:49:06.000Z,
    "validated": false,
    "workplace_address_city": "Montrabot",
    "workplace_address_label": "Montrabot 50810",
    "workplace_address_street_label": null,
    "workplace_address_zipcode": "50810",
    "workplace_brand": null,
    "workplace_description": "À Propos de Nous

Rejoignez Vitalliance, le leader de l'aide à domicile en France ! Avec plus de 180 agences et 10000 collaborateurs.Vitalliance est une société à mission notre raison d'être est :  
"Prendre soin des personnes en perte d'autonomie et bâtir ensemble une société du mieux vivre à domicile accessible à tous."  
Notre mot d'ordre : Savoir être là.",
    "workplace_geopoint": {
      "coordinates": [
        -0.9005141493257085,
        49.10958938396337,
      ],
      "type": "Point",
    },
    "workplace_idcc": null,
    "workplace_legal_name": null,
    "workplace_naf_code": null,
    "workplace_naf_label": null,
    "workplace_name": "Vitalliance",
    "workplace_opco": null,
    "workplace_siret": "45105338300035",
    "workplace_size": null,
    "workplace_website": null,
  },
  {
    "apply_phone": null,
    "apply_url": "https://www.hellowork.com/fr-fr/emplois/77958789.html?utm_campaign=alternance+-+bonnealternance+-+gestion&utm_content=fluxbonnealternance&utm_medium=metamoteurs-free&utm_source=bonnealternance&utm_term=77958789",
    "business_error": null,
    "contract_duration": null,
    "contract_is_disabled_elligible": false,
    "contract_remote": "hybrid",
    "contract_start": null,
    "contract_type": [
      "Apprentissage",
      "Professionnalisation",
    ],
    "errors": [],
    "jobs_in_success": [],
    "offer_access_conditions": [],
    "offer_creation": 2026-08-15T20:08:23.000Z,
    "offer_description": "Plus d'informations sur le site de Biogaran : biogaran.fr

Suivez-nous sur les réseaux sociaux : LinkedIn, Facebook, Instagram

MISSIONS :

Au sein de la Direction Qualité et plus précisément de l'équipe Assurance Qualité fournisseurs, vos missions seront les suivantes :

- Participer à la création et à la mise à jour des cahiers des charges pharmaceutiques avec nos fabricants Principe Actif, et Produit Fini
- Participer à la création et à la mise à jour des contrats avec les partenaires de Pharmacovigilance
- Participer au maintien de la base de données des principes actifs et Agrément des fabricants de produits finis
- Participation à la mise en place ou au maintien des systèmes qualité et de la documentation pour des produits médicaments et non médicaments.

Tout au long de votre alternance vous serez formé et accompagné par votre tuteur ainsi que nos différents référents au sein du Département.

PROFIL RECHERCHÉ :

Vous êtes étudiant(e) en « 5ème année (Pharmacie ou Ingénieur) ou en Master » et souhaitez effectuer cette formation en alternance. Vous êtes reconnu(e) pour votre curiosité, votre rigueur et votre sens de l'organisation. Vous avez de bonnes capacités rédactionnelles, d'analyse et de synthèse.

Vous appréciez travailler en équipe et en transversal. Vous avez démontré une capacité d'adaptation dans un contexte évolutif.

Vous maîtrisez les outils informatiques (Excel, Word, Powerpoint), la pratique de l'anglais écrit et oral au quotidien sera demandée.

Venez rejoindre l'aventure Biogaran et développer vos compétences professionnelles au sein d'un laboratoire à taille humaine, adressez-nous vos CV et lettre de motivation !

POURQUOI REJOINDRE BIOGARAN ?

Biogaran est une entreprise dynamique à taille humaine, ce sont nos collaborateurs qui font la différence. Notre ambition, en adéquation avec nos valeurs, est que vous fassiez l'expérience d'une relation de confiance à long terme et qui vous encourage à exprimer vos qualités ainsi qu'à développer vos compétences.

Oser pour innover, Prendre soin, Se développer par le partage et S'engager pour réussir sont les valeurs qui guident notre action.

Biogaran s'engage pour la diversité en favorisant notamment le pluralisme dans le cadre de nos recrutements.

Travail en mode hybride possible (alternance présence sur site & télétravail).",
    "offer_desired_skills": [],
    "offer_expiration": 2026-10-15T20:08:23.000Z,
    "offer_multicast": false,
    "offer_opening_count": 1,
    "offer_origin": "Flux",
    "offer_rome_codes": [
      "C1104",
    ],
    "offer_status": "Active",
    "offer_status_history": [],
    "offer_target_diploma": {
      "european": "7",
      "label": "Master, titre ingénieur, grande école (Bac+5)",
    },
    "offer_title": "Alternance - Chef de Projet Assurance Qualité Fournisseurs H/F",
    "offer_to_be_acquired_knowledge": [],
    "offer_to_be_acquired_skills": [],
    "partner_job_id": "14b037b0-76c7-4296-96fb-a838355c8ce9",
    "partner_label": "Hellowork",
    "updated_at": 2024-07-21T02:49:06.000Z,
    "validated": false,
    "workplace_address_city": "Colombes",
    "workplace_address_label": "Colombes 92700",
    "workplace_address_street_label": null,
    "workplace_address_zipcode": "92700",
    "workplace_brand": null,
    "workplace_description": "A PROPOS DE BIOGARAN :

Laboratoire pionnier du médicament générique en France, créé en 1996, Biogaran couvre aujourd'hui un vaste spectre de pathologies allant des maux du quotidien aux pathologies les plus lourdes. Avec plus de 1000 références de médicaments et des services destinés à favoriser l'observance, Biogaran joue un rôle majeur dans la santé des Français.  Sur les 12 derniers mois, Biogaran a vendu, en France, 347 millions de boites de médicaments. Cela représente plus d'1 boite de médicaments remboursables sur 8 en France.",
    "workplace_geopoint": {
      "coordinates": [
        2.2345274,
        48.9099919,
      ],
      "type": "Point",
    },
    "workplace_idcc": null,
    "workplace_legal_name": null,
    "workplace_naf_code": null,
    "workplace_naf_label": null,
    "workplace_name": "Biogaran",
    "workplace_opco": null,
    "workplace_siret": "40511359800032",
    "workplace_size": null,
    "workplace_website": null,
  },
]
`;
