// Vitest Snapshot v1, https://vitest.dev/guide/snapshot.html

exports[`importMonster > should test the import of hellowork data into computed_job_partners 1`] = `
[
  {
    "apply_phone": null,
    "apply_url": "https://www.monster.fr/emploi/recherche?q=Auxiliaire+de+Vie+en+alternance+H&where=dinan&id=b73f00e4-b7ec-471d-8fa4-ce7bdb40ebe3&mstr_dist=true&utm_medium=feeds_boards&utm_term=unpaid&utm_content=prospecting&utm_source=labonnealternance&utm_campaign=labonnealternance_fr",
    "business_error": null,
    "contract_duration": null,
    "contract_remote": null,
    "contract_start": null,
    "contract_type": [
      "Apprentissage",
      "Professionnalisation",
    ],
    "errors": [],
    "jobs_in_success": [],
    "offer_access_conditions": [],
    "offer_creation": 2025-02-21T00:00:00.000Z,
    "offer_description": "Azaé Dinan fait partie du groupe a2micile, spécialisé dans les services à la personne et représenté par deux marques : Azaé et Domaliance.

C'est au travers de ses 311 agences de proximité sur l'ensemble de l'hexagone que le groupe propose ses services d'aide à domicile.

Respect, bien ê...",
    "offer_desired_skills": [],
    "offer_expiration": 2025-04-21T00:00:00.000Z,
    "offer_multicast": true,
    "offer_opening_count": 1,
    "offer_origin": null,
    "offer_rome_codes": null,
    "offer_status": "Active",
    "offer_status_history": [],
    "offer_target_diploma": null,
    "offer_title": "Auxiliaire de Vie en alternance H/F",
    "offer_to_be_acquired_skills": [],
    "partner_job_id": "b73f00e4-b7ec-471d-8fa4-ce7bdb40ebe3",
    "partner_label": "Monster",
    "updated_at": 2024-07-21T02:49:06.000Z,
    "validated": false,
    "workplace_address_city": "dinan",
    "workplace_address_label": "dinan 22100",
    "workplace_address_street_label": null,
    "workplace_address_zipcode": "22100",
    "workplace_brand": null,
    "workplace_description": null,
    "workplace_geopoint": {
      "coordinates": [
        -2.046,
        48.454,
      ],
      "type": "Point",
    },
    "workplace_idcc": null,
    "workplace_legal_name": null,
    "workplace_naf_code": null,
    "workplace_naf_label": null,
    "workplace_name": "Azaé",
    "workplace_opco": null,
    "workplace_siret": null,
    "workplace_size": null,
    "workplace_website": null,
  },
  {
    "apply_phone": null,
    "apply_url": "https://www.monster.fr/emploi/recherche?q=Alternance++Conseiller+client%C3%A8le&where=San-Martino-di-Lota&id=ffb33f97-c61a-4e6c-93d0-701b4e7cba01&mstr_dist=true&utm_medium=feeds_boards&utm_term=unpaid&utm_content=prospecting&utm_source=labonnealternance&utm_campaign=labonnealternance_fr",
    "business_error": null,
    "contract_duration": null,
    "contract_remote": null,
    "contract_start": null,
    "contract_type": [
      "Apprentissage",
      "Professionnalisation",
    ],
    "errors": [],
    "jobs_in_success": [],
    "offer_access_conditions": [],
    "offer_creation": 2025-02-22T00:00:00.000Z,
    "offer_description": "ICADEMIE, ACTEUR MAJEUR DE LA FORMATION PROFESSIONNELLE À DISTANCE, RECRUTE EN ALTERNANCE POUR SON ENTREPRISE PARTENAIRE.Notre partenaire, un domaine viticole, recherche un(e) Conseiller(e) clientèle / Vendeur(se) pour un démarrage en Avril. Poste basé à la Bastia (2B)Rejoin...",
    "offer_desired_skills": [],
    "offer_expiration": 2025-04-22T00:00:00.000Z,
    "offer_multicast": true,
    "offer_opening_count": 1,
    "offer_origin": null,
    "offer_rome_codes": null,
    "offer_status": "Active",
    "offer_status_history": [],
    "offer_target_diploma": null,
    "offer_title": "Alternance - Conseiller clientèle / Vendeur H/F",
    "offer_to_be_acquired_skills": [],
    "partner_job_id": "ffb33f97-c61a-4e6c-93d0-701b4e7cba01",
    "partner_label": "Monster",
    "updated_at": 2024-07-21T02:49:06.000Z,
    "validated": false,
    "workplace_address_city": "San-Martino-di-Lota",
    "workplace_address_label": "San-Martino-di-Lota 20200",
    "workplace_address_street_label": null,
    "workplace_address_zipcode": "20200",
    "workplace_brand": null,
    "workplace_description": null,
    "workplace_geopoint": {
      "coordinates": [
        9.432,
        42.748,
      ],
      "type": "Point",
    },
    "workplace_idcc": null,
    "workplace_legal_name": null,
    "workplace_naf_code": null,
    "workplace_naf_label": null,
    "workplace_name": "Icademie",
    "workplace_opco": null,
    "workplace_siret": null,
    "workplace_size": null,
    "workplace_website": null,
  },
  {
    "apply_phone": null,
    "apply_url": "https://www.monster.fr/emploi/recherche?q=Alternance++Directeur+des+ventes&where=Toulouse&id=ffddfa4c-1dbf-4d3d-88ab-5584106383e0&mstr_dist=true&utm_medium=feeds_boards&utm_term=unpaid&utm_content=prospecting&utm_source=labonnealternance&utm_campaign=labonnealternance_fr",
    "business_error": null,
    "contract_duration": null,
    "contract_remote": null,
    "contract_start": null,
    "contract_type": [
      "Apprentissage",
      "Professionnalisation",
    ],
    "errors": [],
    "jobs_in_success": [],
    "offer_access_conditions": [],
    "offer_creation": 2025-02-26T00:00:00.000Z,
    "offer_description": "Studi, l’école n°1 de la formation 100 % en ligne, recherche pour son entreprise partenaire, un Directeur des ventes (H/F) en contrat d’apprentissage.
Rentrée en formation : Février/Mars 2025. Cette offre d'alternance est donc à pourvoir I...",
    "offer_desired_skills": [],
    "offer_expiration": 2025-04-26T00:00:00.000Z,
    "offer_multicast": true,
    "offer_opening_count": 1,
    "offer_origin": null,
    "offer_rome_codes": null,
    "offer_status": "Active",
    "offer_status_history": [],
    "offer_target_diploma": null,
    "offer_title": "Alternance - Directeur des ventes (H/F)",
    "offer_to_be_acquired_skills": [],
    "partner_job_id": "ffddfa4c-1dbf-4d3d-88ab-5584106383e0",
    "partner_label": "Monster",
    "updated_at": 2024-07-21T02:49:06.000Z,
    "validated": false,
    "workplace_address_city": "Toulouse",
    "workplace_address_label": "Toulouse 31140",
    "workplace_address_street_label": null,
    "workplace_address_zipcode": "31140",
    "workplace_brand": null,
    "workplace_description": null,
    "workplace_geopoint": {
      "coordinates": [
        1.456,
        43.677,
      ],
      "type": "Point",
    },
    "workplace_idcc": null,
    "workplace_legal_name": null,
    "workplace_naf_code": null,
    "workplace_naf_label": null,
    "workplace_name": "STUDI",
    "workplace_opco": null,
    "workplace_siret": "83854281900027",
    "workplace_size": null,
    "workplace_website": null,
  },
]
`;
