// Vitest Snapshot v1, https://vitest.dev/guide/snapshot.html

exports[`import-linkedin > importe le flux dans raw_linkedin puis computed_jobs_partners 1`] = `
[
  {
    "apply_phone": null,
    "apply_url": "https://www.linkedin.com/jobs/view/4180234558?trk=li_dgefp_FR_careers_jobsgtm_27d99f0f_job-dist&mcid=7503545590606254081",
    "business_error": "FULL_TIME",
    "contract_duration": null,
    "contract_is_disabled_elligible": false,
    "contract_remote": null,
    "contract_start": null,
    "contract_type": [
      "Apprentissage",
    ],
    "errors": [],
    "jobs_in_success": [],
    "offer_access_conditions": [],
    "offer_creation": 2026-09-14T18:00:00.000Z,
    "offer_description": "<p>Prime Engineering recherche un ingénieur confirmé. Nous recrutons aussi en alternance toute l'année.</p>",
    "offer_desired_skills": [],
    "offer_expiration": 2026-11-03T10:17:52.000Z,
    "offer_multicast": false,
    "offer_opening_count": 1,
    "offer_origin": "Flux",
    "offer_rome_codes": null,
    "offer_status": "Active",
    "offer_status_history": [],
    "offer_target_diploma": null,
    "offer_title": "Ingénieur en mécanique F/H",
    "offer_to_be_acquired_knowledge": [],
    "offer_to_be_acquired_skills": [],
    "partner_job_id": "4180234558",
    "partner_label": "LinkedIn",
    "validated": false,
    "workplace_address_city": "Isère",
    "workplace_address_label": "Isère",
    "workplace_address_street_label": null,
    "workplace_address_zipcode": null,
    "workplace_brand": null,
    "workplace_description": null,
    "workplace_geopoint": null,
    "workplace_idcc": null,
    "workplace_legal_name": null,
    "workplace_naf_code": null,
    "workplace_naf_label": null,
    "workplace_name": "PRIME ENGINEERING",
    "workplace_opco": null,
    "workplace_siret": null,
    "workplace_size": null,
    "workplace_website": null,
  },
  {
    "apply_phone": null,
    "apply_url": "https://www.linkedin.com/jobs/view/4443793142?trk=li_dgefp_FR_careers_jobsgtm_27d99f0f_job-dist&mcid=7503545590606254081",
    "business_error": null,
    "contract_duration": null,
    "contract_is_disabled_elligible": false,
    "contract_remote": null,
    "contract_start": null,
    "contract_type": [
      "Apprentissage",
      "Professionnalisation",
    ],
    "errors": [],
    "jobs_in_success": [],
    "offer_access_conditions": [],
    "offer_creation": 2026-09-12T09:30:00.000Z,
    "offer_description": "<p>Poste ouvert en contrat d'apprentissage ou de professionnalisation, sur 24 mois, au sein du bureau d'études.</p>",
    "offer_desired_skills": [],
    "offer_expiration": 2026-11-11T09:30:00.000Z,
    "offer_multicast": false,
    "offer_opening_count": 1,
    "offer_origin": "Flux",
    "offer_rome_codes": null,
    "offer_status": "Active",
    "offer_status_history": [],
    "offer_target_diploma": null,
    "offer_title": "Apprenti(e) Technicien Bureau d'études",
    "offer_to_be_acquired_knowledge": [],
    "offer_to_be_acquired_skills": [],
    "partner_job_id": "4443793142",
    "partner_label": "LinkedIn",
    "validated": false,
    "workplace_address_city": "La Tessoualle",
    "workplace_address_label": "La Tessoualle",
    "workplace_address_street_label": null,
    "workplace_address_zipcode": null,
    "workplace_brand": null,
    "workplace_description": null,
    "workplace_geopoint": null,
    "workplace_idcc": null,
    "workplace_legal_name": null,
    "workplace_naf_code": null,
    "workplace_naf_label": null,
    "workplace_name": "Comec Groupe",
    "workplace_opco": null,
    "workplace_siret": null,
    "workplace_size": null,
    "workplace_website": null,
  },
  {
    "apply_phone": null,
    "apply_url": "https://www.linkedin.com/jobs/view/4456210807?trk=li_dgefp_FR_careers_jobsgtm_27d99f0f_job-dist&utm_medium=jobdist&mcid=7503545590606254081",
    "business_error": null,
    "contract_duration": null,
    "contract_is_disabled_elligible": false,
    "contract_remote": null,
    "contract_start": null,
    "contract_type": [
      "Apprentissage",
    ],
    "errors": [],
    "jobs_in_success": [],
    "offer_access_conditions": [],
    "offer_creation": 2026-09-15T08:14:58.000Z,
    "offer_description": "<p><strong>Notre équipe</strong></p><p>Nous recherchons un alternant pour rejoindre notre équipe commerciale sur la région Grand Est.</p>",
    "offer_desired_skills": [],
    "offer_expiration": 2026-11-03T22:17:52.000Z,
    "offer_multicast": false,
    "offer_opening_count": 1,
    "offer_origin": "Flux",
    "offer_rome_codes": null,
    "offer_status": "Active",
    "offer_status_history": [],
    "offer_target_diploma": null,
    "offer_title": "Alternance - Commercial CHD bilingue Allemand",
    "offer_to_be_acquired_knowledge": [],
    "offer_to_be_acquired_skills": [],
    "partner_job_id": "4456210807",
    "partner_label": "LinkedIn",
    "validated": false,
    "workplace_address_city": "Strasbourg",
    "workplace_address_label": "Strasbourg 67000",
    "workplace_address_street_label": null,
    "workplace_address_zipcode": "67000",
    "workplace_brand": null,
    "workplace_description": null,
    "workplace_geopoint": null,
    "workplace_idcc": null,
    "workplace_legal_name": null,
    "workplace_naf_code": null,
    "workplace_naf_label": null,
    "workplace_name": "ST MICHEL BISCUITS",
    "workplace_opco": null,
    "workplace_siret": null,
    "workplace_size": null,
    "workplace_website": null,
  },
]
`;
